Archive member included to satisfy reference by file (symbol)

C:/Users/Felix_Tang/ModusToolbox_1.1/libraries/bt_sdk-1.1/components/BT-SDK/208XX-A1_Bluetooth/WICED/libraries/ofu_ds2_lib.a(ofu_ds2_lib.o)
                              ./libraries/fw_upgrade_lib/fw_update_copy_sflash.o (wiced_ofu_pet_watchdog)
C:/Users/Felix_Tang/ModusToolbox_1.1/libraries/bt_sdk-1.1/components/BT-SDK/208XX-A1_Bluetooth/WICED/libraries/mesh_core_lib.a(mesh_core.o)
                              ./libraries/mesh_app_lib/mesh_app_gatt.o (wiced_bt_mesh_core_proxy_packet)
C:/Users/Felix_Tang/ModusToolbox_1.1/libraries/bt_sdk-1.1/components/BT-SDK/208XX-A1_Bluetooth/WICED/libraries/mesh_core_lib.a(pb_transport.o)
                              C:/Users/Felix_Tang/ModusToolbox_1.1/libraries/bt_sdk-1.1/components/BT-SDK/208XX-A1_Bluetooth/WICED/libraries/mesh_core_lib.a(mesh_core.o) (pb_transport_close)
C:/Users/Felix_Tang/ModusToolbox_1.1/libraries/bt_sdk-1.1/components/BT-SDK/208XX-A1_Bluetooth/WICED/libraries/mesh_core_lib.a(provisioning.o)
                              ./libraries/mesh_app_lib/mesh_app_provision_server.o (wiced_bt_mesh_core_provision_server_init)
C:/Users/Felix_Tang/ModusToolbox_1.1/libraries/bt_sdk-1.1/components/BT-SDK/208XX-A1_Bluetooth/WICED/libraries/mesh_core_lib.a(ecdh.o)
                              C:/Users/Felix_Tang/ModusToolbox_1.1/libraries/bt_sdk-1.1/components/BT-SDK/208XX-A1_Bluetooth/WICED/libraries/mesh_core_lib.a(provisioning.o) (ecdh_init_curve)
C:/Users/Felix_Tang/ModusToolbox_1.1/libraries/bt_sdk-1.1/components/BT-SDK/208XX-A1_Bluetooth/WICED/libraries/mesh_core_lib.a(core_aes_ccm.o)
                              C:/Users/Felix_Tang/ModusToolbox_1.1/libraries/bt_sdk-1.1/components/BT-SDK/208XX-A1_Bluetooth/WICED/libraries/mesh_core_lib.a(provisioning.o) (mesh_core_ccm_crypt_nonce_r)
C:/Users/Felix_Tang/ModusToolbox_1.1/libraries/bt_sdk-1.1/components/BT-SDK/208XX-A1_Bluetooth/WICED/libraries/mesh_core_lib.a(lower_transport_layer.o)
                              C:/Users/Felix_Tang/ModusToolbox_1.1/libraries/bt_sdk-1.1/components/BT-SDK/208XX-A1_Bluetooth/WICED/libraries/mesh_core_lib.a(mesh_core.o) (lower_transport_layer_cache_valid)
C:/Users/Felix_Tang/ModusToolbox_1.1/libraries/bt_sdk-1.1/components/BT-SDK/208XX-A1_Bluetooth/WICED/libraries/mesh_core_lib.a(upper_transport_layer.o)
                              C:/Users/Felix_Tang/ModusToolbox_1.1/libraries/bt_sdk-1.1/components/BT-SDK/208XX-A1_Bluetooth/WICED/libraries/mesh_core_lib.a(lower_transport_layer.o) (upper_transport_layer_handle_heartbeat)
C:/Users/Felix_Tang/ModusToolbox_1.1/libraries/bt_sdk-1.1/components/BT-SDK/208XX-A1_Bluetooth/WICED/libraries/mesh_core_lib.a(key_refresh.o)
                              C:/Users/Felix_Tang/ModusToolbox_1.1/libraries/bt_sdk-1.1/components/BT-SDK/208XX-A1_Bluetooth/WICED/libraries/mesh_core_lib.a(mesh_core.o) (key_refresh_handle_beacon)
C:/Users/Felix_Tang/ModusToolbox_1.1/libraries/bt_sdk-1.1/components/BT-SDK/208XX-A1_Bluetooth/WICED/libraries/mesh_core_lib.a(network_layer.o)
                              C:/Users/Felix_Tang/ModusToolbox_1.1/libraries/bt_sdk-1.1/components/BT-SDK/208XX-A1_Bluetooth/WICED/libraries/mesh_core_lib.a(mesh_core.o) (p_mesh_core_config)
C:/Users/Felix_Tang/ModusToolbox_1.1/libraries/bt_sdk-1.1/components/BT-SDK/208XX-A1_Bluetooth/WICED/libraries/mesh_core_lib.a(access_layer.o)
                              C:/Users/Felix_Tang/ModusToolbox_1.1/libraries/bt_sdk-1.1/components/BT-SDK/208XX-A1_Bluetooth/WICED/libraries/mesh_core_lib.a(mesh_core.o) (access_layer_send)
C:/Users/Felix_Tang/ModusToolbox_1.1/libraries/bt_sdk-1.1/components/BT-SDK/208XX-A1_Bluetooth/WICED/libraries/mesh_core_lib.a(iv_updt.o)
                              C:/Users/Felix_Tang/ModusToolbox_1.1/libraries/bt_sdk-1.1/components/BT-SDK/208XX-A1_Bluetooth/WICED/libraries/mesh_core_lib.a(lower_transport_layer.o) (iv_updt_segments_sent)
C:/Users/Felix_Tang/ModusToolbox_1.1/libraries/bt_sdk-1.1/components/BT-SDK/208XX-A1_Bluetooth/WICED/libraries/mesh_core_lib.a(foundation.o)
                              ./libraries/mesh_app_lib/mesh_application.o (wiced_bt_mesh_get_node_config_size)
C:/Users/Felix_Tang/ModusToolbox_1.1/libraries/bt_sdk-1.1/components/BT-SDK/208XX-A1_Bluetooth/WICED/libraries/mesh_core_lib.a(foundation_cfg_model.o)
                              C:/Users/Felix_Tang/ModusToolbox_1.1/libraries/bt_sdk-1.1/components/BT-SDK/208XX-A1_Bluetooth/WICED/libraries/mesh_core_lib.a(foundation.o) (foundation_write_config_)
C:/Users/Felix_Tang/ModusToolbox_1.1/libraries/bt_sdk-1.1/components/BT-SDK/208XX-A1_Bluetooth/WICED/libraries/mesh_core_lib.a(foundation_crt_msg.o)
                              C:/Users/Felix_Tang/ModusToolbox_1.1/libraries/bt_sdk-1.1/components/BT-SDK/208XX-A1_Bluetooth/WICED/libraries/mesh_core_lib.a(key_refresh.o) (key_refresh_crt_key_refresh_phase_status_msg)
[...]
Memory Configuration

Name             Origin             Length             Attributes
ram              0x0020fac0         0x00060140         xrw
aon              0x002031f4         0x00001380         xrw
static_section   0x00500c00         0x00000400         r
xip_section_ds2  0x0053e000         0x00002000         xr
xip_section      0x00511500         0x0002cb00         xr
log_section      0x81000004         0x00100000         r
*default*        0x00000000         0xffffffff

Linker script and memory map

LOAD C:/Users/Felix_Tang/ModusToolbox_1.1/libraries/bt_sdk-1.1/components/BT-SDK/208XX-A1_Bluetooth/WICED/internal/20819A1/patches/patch.elf
START GROUP
LOAD ./libraries/thermistor_ncp15xv103_lib/thermistor_ncp15xv103.o
LOAD ./libraries/pir_motion_sensor_lib/e93196.o
LOAD ./libraries/pir_motion_sensor_lib/e93196_drv.o
LOAD ./libraries/mesh_app_lib/mesh_app_gatt.o
LOAD ./libraries/mesh_app_lib/mesh_app_hci.o
LOAD ./libraries/mesh_app_lib/mesh_app_provision_server.o
LOAD ./libraries/mesh_app_lib/mesh_application.o
LOAD ./libraries/mesh_app_lib/wiced_bt_cfg.o
LOAD ./libraries/fw_upgrade_lib/ecc_pp.o
LOAD ./libraries/fw_upgrade_lib/fw_update_copy_sflash.o
LOAD ./libraries/fw_upgrade_lib/fw_upgrade.o
LOAD ./libraries/fw_upgrade_lib/ota_fw_upgrade.o
LOAD ./libraries/fw_upgrade_lib/ota_fw_upgrade_common.o
LOAD ./libraries/fw_upgrade_lib/sha256.o
LOAD ./libraries/ambient_light_sensor_lib/max_44009.o
LOAD ./bt_sdk-1.1/components/BT-SDK/208XX-A1_Bluetooth/WICED/common/spar_setup.o
LOAD ./GeneratedSource/cycfg.o
LOAD ./GeneratedSource/cycfg_pins.o
LOAD ./GeneratedSource/cycfg_routing.o
LOAD ./20819/generated/lib_installer.o
LOAD ./led_control.o
LOAD ./on_off_switch.o
LOAD ./switch_smart.o
LOAD ./wiced_platform.o
LOAD C:/Users/Felix_Tang/ModusToolbox_1.1/libraries/bt_sdk-1.1/components/BT-SDK/208XX-A1_Bluetooth/WICED/libraries/adc_audio_lib.a
LOAD C:/Users/Felix_Tang/ModusToolbox_1.1/libraries/bt_sdk-1.1/components/BT-SDK/208XX-A1_Bluetooth/WICED/libraries/multi_adv_lib.a
LOAD C:/Users/Felix_Tang/ModusToolbox_1.1/libraries/bt_sdk-1.1/components/BT-SDK/208XX-A1_Bluetooth/WICED/libraries/wiced_ble_pre_init_lib.a
LOAD C:/Users/Felix_Tang/ModusToolbox_1.1/libraries/bt_sdk-1.1/components/BT-SDK/208XX-A1_Bluetooth/WICED/libraries/wiced_hidd_lib.a
LOAD C:/Users/Felix_Tang/ModusToolbox_1.1/libraries/bt_sdk-1.1/components/BT-SDK/208XX-A1_Bluetooth/WICED/libraries/celt_lib.a
LOAD C:/Users/Felix_Tang/ModusToolbox_1.1/libraries/bt_sdk-1.1/components/BT-SDK/208XX-A1_Bluetooth/WICED/libraries/air_motion.a
LOAD C:/Users/Felix_Tang/ModusToolbox_1.1/libraries/bt_sdk-1.1/components/BT-SDK/208XX-A1_Bluetooth/WICED/libraries/adpcm_lib.a
LOAD C:/Users/Felix_Tang/ModusToolbox_1.1/libraries/bt_sdk-1.1/components/BT-SDK/208XX-A1_Bluetooth/WICED/libraries/ofu_ds2_lib.a
LOAD C:/Users/Felix_Tang/ModusToolbox_1.1/libraries/bt_sdk-1.1/components/BT-SDK/208XX-A1_Bluetooth/WICED/libraries/mesh_core_lib.a
LOAD C:/Users/Felix_Tang/ModusToolbox_1.1/libraries/bt_sdk-1.1/components/BT-SDK/208XX-A1_Bluetooth/WICED/libraries/mesh_models_lib.a
LOAD C:/Users/Felix_Tang/ModusToolbox_1.1/libraries/bt_sdk-1.1/components/BT-SDK/208XX-A1_Bluetooth/WICED/libraries/mesh_provisioner_lib.a
LOAD c:/users/felix_tang/modustoolbox_1.1/tools/gcc-7.2.1-1.0/bin/../lib/gcc/arm-none-eabi/7.2.1/thumb/v7e-m\libgcc.a
END GROUP
                0x00000000                PROVIDE (spar_irom_length, (spar_irom_end - spar_irom_begin))
                0x000014cc                PROVIDE (spar_iram_length, (spar_iram_end - spar_iram_begin))
                0x000007cc                PROVIDE (spar_iram_data_length, (spar_iram_data_end - spar_iram_data_begin))
                0x00000cfc                PROVIDE (spar_iram_bss_length, (spar_iram_bss_end - spar_iram_bss_begin))
                0x0020fac0                spar_irom_begin = 0x20fac0

.app_xip_area_ds2
                0x0053e000      0x638
 CREATE_OBJECT_SYMBOLS
                0x0053e000                ds2_xip_begin = .
 */fw_update_copy_sflash.o(.rodata .rodata.* .constdata* .gnu.linkonce.r.*)
 .rodata        0x0053e000       0x1a ./libraries/fw_upgrade_lib/fw_update_copy_sflash.o
 .rodata.str1.1
                0x0053e01a      0x191 ./libraries/fw_upgrade_lib/fw_update_copy_sflash.o
 */fw_update_copy_sflash.o(.text.* .gnu.linkonce.t.*)
 *fill*         0x0053e1ab        0x1 
 .text.init_wiced_firmware_update_copy_sflash
                0x0053e1ac       0x10 ./libraries/fw_upgrade_lib/fw_update_copy_sflash.o
                0x0053e1ac                init_wiced_firmware_update_copy_sflash
 .text.switch_stack
                0x0053e1bc        0x4 ./libraries/fw_upgrade_lib/fw_update_copy_sflash.o
                0x0053e1bc                switch_stack
 .text.read_ofu_data
                0x0053e1c0       0x38 ./libraries/fw_upgrade_lib/fw_update_copy_sflash.o
                0x0053e1c0                read_ofu_data
 .text.wiced_firmware_update_copy_sflash
                0x0053e1f8      0x1dc ./libraries/fw_upgrade_lib/fw_update_copy_sflash.o
                0x0053e1f8                wiced_firmware_update_copy_sflash
 .text.wiced_firmware_update_copy_sflash_start
                0x0053e3d4       0x30 ./libraries/fw_upgrade_lib/fw_update_copy_sflash.o
                0x0053e3d4                wiced_firmware_update_copy_sflash_start
 */ofu_ds2_lib.a(.rodata .rodata.* .constdata* .gnu.linkonce.r.*)
 */ofu_ds2_lib.a:*()
 .text          0x0053e404      0x1e8 C:/Users/Felix_Tang/ModusToolbox_1.1/libraries/bt_sdk-1.1/components/BT-SDK/208XX-A1_Bluetooth/WICED/libraries/ofu_ds2_lib.a(ofu_ds2_lib.o)
                0x0053e404                wiced_ofu_pet_watchdog
                0x0053e408                wiced_ofu_reset_device
                0x0053e42a                wiced_ofu_sflash_init
                0x0053e466                wiced_ofu_get_ds1_offset
                0x0053e470                wiced_ofu_set_post_config_callback
                0x0053e476                wiced_ofu_get_external_storage_context_size
                0x0053e47c                rand128
                0x0053e492                wiced_ofu_new_external_storage_key
                0x0053e4c0                wiced_ofu_store_external_storage_key
                0x0053e4e6                wiced_ofu_restore_external_storage_key
                0x0053e530                wiced_ofu_crypt
                0x0053e5c4                wiced_ofu_store_image_length
                0x0053e5c8                wiced_ofu_get_image_length
 .arm_vfe_header
                0x0053e5ec        0x4 C:/Users/Felix_Tang/ModusToolbox_1.1/libraries/bt_sdk-1.1/components/BT-SDK/208XX-A1_Bluetooth/WICED/libraries/ofu_ds2_lib.a(ofu_ds2_lib.o)
 .ARM.attributes
                0x0053e5f0       0x48 C:/Users/Felix_Tang/ModusToolbox_1.1/libraries/bt_sdk-1.1/components/BT-SDK/208XX-A1_Bluetooth/WICED/libraries/ofu_ds2_lib.a(ofu_ds2_lib.o)
                0x0053e638                ds2_xip_end = .

.app_ram_area_ds2
                0x0020fac0        0x0
 CREATE_OBJECT_SYMBOLS
                0x0020fac0                ds2_ram_begin = .
 */fw_update_copy_sflash.o(.data .data.* .gnu.linkonce.d.* .bss .bss.* .gnu.linkonce.b.*)
 .data          0x0020fac0        0x0 ./libraries/fw_upgrade_lib/fw_update_copy_sflash.o
 .bss           0x0020fac0        0x0 ./libraries/fw_upgrade_lib/fw_update_copy_sflash.o
                0x0020fac0                ds2_ram_end = .

.app_xip_area   0x00511500    0x173b1
 CREATE_OBJECT_SYMBOLS
                0x00511500                xip_area_begin = .
 */switch_smart.o(.text.* .gnu.linkonce.t.* .rodata .constdata* .rodata.* .gnu.linkonce.r.*)
 .text.mesh_app_factory_reset
                0x00511500       0x10 ./switch_smart.o
 .text.mesh_sensor_server_restart_timer
                0x00511510       0x68 ./switch_smart.o
 .text.mesh_app_hardware_init
                0x00511578        0xc ./switch_smart.o
 .text.mesh_app_init
                0x00511584      0x160 ./switch_smart.o
 .text.mesh_sensor_publish_timer_callback
                0x005116e4      0x1ec ./switch_smart.o
 .text.mesh_sensor_presence_detected_timer_callback
                0x005118d0       0x38 ./switch_smart.o
 .text.mesh_sensor_server_config_change_handler
                0x00511908       0xf8 ./switch_smart.o
 .text.mesh_app_notify_period_set
                0x00511a00       0x48 ./switch_smart.o
 .text.mesh_sensor_server_report_handler
                0x00511a48       0x80 ./switch_smart.o
 .text.e93196_int_proc
                0x00511ac8       0x58 ./switch_smart.o
 .text.chang_sensor_mode
                0x00511b20       0x28 ./switch_smart.o
                0x00511b20                chang_sensor_mode
 .text.mesh_sensor_get_temperature_8
                0x00511b48       0x30 ./switch_smart.o
                0x00511b48                mesh_sensor_get_temperature_8
 .text.timer_ms_callback
                0x00511b78       0xbc ./switch_smart.o
 .rodata.str1.1
                0x00511c34      0x344 ./switch_smart.o
 */on_off_switch.o(.text.* .gnu.linkonce.t.* .rodata .constdata* .rodata.* .gnu.linkonce.r.*)
 .text.mesh_onoff_client_message_handler
                0x00511f78       0x68 ./on_off_switch.o
 .text.button_interrupt_handler
                0x00511fe0      0x100 ./on_off_switch.o
 .text.mesh_switch_init
                0x005120e0       0x34 ./on_off_switch.o
                0x005120e0                mesh_switch_init
 .text.mesh_switch_hardware_init
                0x00512114       0x70 ./on_off_switch.o
                0x00512114                mesh_switch_hardware_init
 .rodata.str1.1
                0x00512184       0xf8 ./on_off_switch.o
                                0x123 (size before relaxing)
 */spar_setup.o(.text.* .gnu.linkonce.t.* .rodata .constdata* .rodata.* .gnu.linkonce.r.*)
 */wiced_platform.o(.text.* .gnu.linkonce.t.* .rodata .constdata* .rodata.* .gnu.linkonce.r.*)
 .text.wiced_platform_register_button_callback
                0x0051227c       0x44 ./wiced_platform.o
                0x0051227c                wiced_platform_register_button_callback
 .text.wiced_platform_get_button_pressed_value
                0x005122c0       0x10 ./wiced_platform.o
                0x005122c0                wiced_platform_get_button_pressed_value
 .text.wiced_platform_init
                0x005122d0       0xac ./wiced_platform.o
                0x005122d0                wiced_platform_init
 */wiced_platform_pin_config.o(.text.* .gnu.linkonce.t.* .rodata .constdata* .rodata.* .gnu.linkonce.r.*)
 */lib_installer.o(.text.* .gnu.linkonce.t.* .rodata .constdata* .rodata.* .gnu.linkonce.r.*)
 .text.install_libs
                0x0051237c        0x2 ./20819/generated/lib_installer.o
                0x0051237c                install_libs
 *(.pisec_*)
 *(.data_in_xip_area)
 *(.dsp_pram_section)
 *(.app_init_code)
 *fill*         0x0051237e        0x2 
 .app_init_code
                0x00512380       0x20 ./bt_sdk-1.1/components/BT-SDK/208XX-A1_Bluetooth/WICED/common/spar_setup.o
                0x00512380                application_start_internal
 *(.emb_text)
 *(.text)
 .text          0x005123a0      0x21c c:/users/felix_tang/modustoolbox_1.1/tools/gcc-7.2.1-1.0/bin/../lib/gcc/arm-none-eabi/7.2.1/thumb/v7e-m\libgcc.a(_arm_addsubsf3.o)
                0x005123a0                __aeabi_frsub
                0x005123a8                __subsf3
                0x005123a8                __aeabi_fsub
                0x005123ac                __aeabi_fadd
                0x005123ac                __addsf3
                0x0051250c                __aeabi_ui2f
                0x0051250c                __floatunsisf
                0x00512514                __aeabi_i2f
                0x00512514                __floatsisf
                0x00512530                __floatundisf
                0x00512530                __aeabi_ul2f
                0x00512540                __aeabi_l2f
                0x00512540                __floatdisf
 .text          0x005125bc      0x2a0 c:/users/felix_tang/modustoolbox_1.1/tools/gcc-7.2.1-1.0/bin/../lib/gcc/arm-none-eabi/7.2.1/thumb/v7e-m\libgcc.a(_arm_muldivsf3.o)
                0x005125bc                __aeabi_fmul
                0x005125bc                __mulsf3
                0x00512724                __divsf3
                0x00512724                __aeabi_fdiv
 .text          0x0051285c       0x40 c:/users/felix_tang/modustoolbox_1.1/tools/gcc-7.2.1-1.0/bin/../lib/gcc/arm-none-eabi/7.2.1/thumb/v7e-m\libgcc.a(_arm_fixunssfsi.o)
                0x0051285c                __fixunssfsi
                0x0051285c                __aeabi_f2uiz
 *(EmHeAacDec)
 *(.text.*)
 .text.thermistor_init
                0x0051289c        0x8 ./libraries/thermistor_ncp15xv103_lib/thermistor_ncp15xv103.o
                0x0051289c                thermistor_init
 .text.thermistor_read
                0x005128a4       0xc0 ./libraries/thermistor_ncp15xv103_lib/thermistor_ncp15xv103.o
                0x005128a4                thermistor_read
 .text.e93196_int_clean
                0x00512964       0x20 ./libraries/pir_motion_sensor_lib/e93196.o
                0x00512964                e93196_int_clean
 .text.e93196_data_read
                0x00512984       0x7c ./libraries/pir_motion_sensor_lib/e93196.o
                0x00512984                e93196_data_read
 .text.e93196_data_write
                0x00512a00       0x54 ./libraries/pir_motion_sensor_lib/e93196.o
                0x00512a00                e93196_data_write
 .text.e93196_read_data_trans
                0x00512a54       0x68 ./libraries/pir_motion_sensor_lib/e93196.o
                0x00512a54                e93196_read_data_trans
 .text.e93196_write_data_trans
                0x00512abc       0x42 ./libraries/pir_motion_sensor_lib/e93196.o
                0x00512abc                e93196_write_data_trans
 *fill*         0x00512afe        0x2 
 .text.e93196_read_data_print
                0x00512b00       0xd4 ./libraries/pir_motion_sensor_lib/e93196.o
                0x00512b00                e93196_read_data_print
 .text.e93196_reg_read
                0x00512bd4       0x34 ./libraries/pir_motion_sensor_lib/e93196.o
                0x00512bd4                e93196_reg_read
 .text.e93196_write_data_print
                0x00512c08       0xb8 ./libraries/pir_motion_sensor_lib/e93196.o
                0x00512c08                e93196_write_data_print
 .text.e93196_reg_write
                0x00512cc0       0x44 ./libraries/pir_motion_sensor_lib/e93196.o
                0x00512cc0                e93196_reg_write
 .text.e93196_init
                0x00512d04       0x6c ./libraries/pir_motion_sensor_lib/e93196.o
                0x00512d04                e93196_init
 .text.e93196_serin_high
                0x00512d70       0x10 ./libraries/pir_motion_sensor_lib/e93196_drv.o
                0x00512d70                e93196_serin_high
 .text.e93196_serin_low
                0x00512d80       0x10 ./libraries/pir_motion_sensor_lib/e93196_drv.o
                0x00512d80                e93196_serin_low
 .text.e93196_doci_high
                0x00512d90        0x8 ./libraries/pir_motion_sensor_lib/e93196_drv.o
                0x00512d90                e93196_doci_high
 .text.e93196_doci_low
                0x00512d98        0x8 ./libraries/pir_motion_sensor_lib/e93196_drv.o
                0x00512d98                e93196_doci_low
 .text.e93196_doci_cfg_input
                0x00512da0        0xc ./libraries/pir_motion_sensor_lib/e93196_drv.o
                0x00512da0                e93196_doci_cfg_input
 .text.e93196_doci_ipu
                0x00512dac       0x10 ./libraries/pir_motion_sensor_lib/e93196_drv.o
                0x00512dac                e93196_doci_ipu
 .text.e93196_doci_ipd
                0x00512dbc       0x10 ./libraries/pir_motion_sensor_lib/e93196_drv.o
                0x00512dbc                e93196_doci_ipd
 .text.e93196_doci_read
                0x00512dcc       0x10 ./libraries/pir_motion_sensor_lib/e93196_drv.o
                0x00512dcc                e93196_doci_read
 .text.get_attribute_
                0x00512ddc       0x38 ./libraries/mesh_app_lib/mesh_app_gatt.o
 .text.mesh_write_handler
                0x00512e14      0x178 ./libraries/mesh_app_lib/mesh_app_gatt.o
 .text.mesh_ota_firmware_upgrade_send_data_callback
                0x00512f8c       0x8c ./libraries/mesh_app_lib/mesh_app_gatt.o
                0x00512f8c                mesh_ota_firmware_upgrade_send_data_callback
 .text.mesh_app_gatt_init
                0x00513018       0x28 ./libraries/mesh_app_lib/mesh_app_gatt.o
                0x00513018                mesh_app_gatt_init
 .text.mesh_app_gatt_db_init
                0x00513040       0x48 ./libraries/mesh_app_lib/mesh_app_gatt.o
                0x00513040                mesh_app_gatt_db_init
 .text.mesh_cfm_handler
                0x00513088       0x18 ./libraries/mesh_app_lib/mesh_app_gatt.o
                0x00513088                mesh_cfm_handler
 .text.mesh_gatts_req_cb
                0x005130a0      0x184 ./libraries/mesh_app_lib/mesh_app_gatt.o
                0x005130a0                mesh_gatts_req_cb
 .text.mesh_gatts_callback
                0x00513224       0xa4 ./libraries/mesh_app_lib/mesh_app_gatt.o
                0x00513224                mesh_gatts_callback
 .text.mesh_app_gatt_is_connected
                0x005132c8       0x10 ./libraries/mesh_app_lib/mesh_app_gatt.o
                0x005132c8                mesh_app_gatt_is_connected
 .text.mesh_app_proxy_gatt_send_cb
                0x005132d8       0x98 ./libraries/mesh_app_lib/mesh_app_gatt.o
                0x005132d8                mesh_app_proxy_gatt_send_cb
 .text.mesh_application_proc_rx_cmd
                0x00513370       0x58 ./libraries/mesh_app_lib/mesh_app_hci.o
                0x00513370                mesh_application_proc_rx_cmd
 .text.mesh_hci_trace_cback
                0x005133c8       0x2c ./libraries/mesh_app_lib/mesh_app_hci.o
 .text.mesh_app_hci_init
                0x005133f4       0xa0 ./libraries/mesh_app_lib/mesh_app_hci.o
                0x005133f4                mesh_app_hci_init
 .text._deb_print_buf_use
                0x00513494       0x84 ./libraries/mesh_app_lib/mesh_app_hci.o
                0x00513494                _deb_print_buf_use
 .text.mesh_app_timer
                0x00513518       0x24 ./libraries/mesh_app_lib/mesh_app_hci.o
 .text.mesh_app_hci_send_seq_changed
                0x0051353c       0x40 ./libraries/mesh_app_lib/mesh_app_hci.o
                0x0051353c                mesh_app_hci_send_seq_changed
 .text.mesh_app_hci_sleep
                0x0051357c       0x24 ./libraries/mesh_app_lib/mesh_app_hci.o
                0x0051357c                mesh_app_hci_sleep
 .text.mesh_app_provision_get_oob
                0x005135a0       0x28 ./libraries/mesh_app_lib/mesh_app_provision_server.o
 .text.mesh_app_provision_gatt_send_cb
                0x005135c8       0x2c ./libraries/mesh_app_lib/mesh_app_provision_server.o
 .text.mesh_app_provision_started
                0x005135f4       0x2c ./libraries/mesh_app_lib/mesh_app_provision_server.o
 .text.mesh_app_provision_get_capabilities
                0x00513620       0x88 ./libraries/mesh_app_lib/mesh_app_provision_server.o
 .text.mesh_app_provision_end
                0x005136a8       0x74 ./libraries/mesh_app_lib/mesh_app_provision_server.o
 .text.wiced_bt_mesh_app_provision_server_init
                0x0051371c       0x38 ./libraries/mesh_app_lib/mesh_app_provision_server.o
                0x0051371c                wiced_bt_mesh_app_provision_server_init
 .text.number_of_elements_with_model
                0x00513754       0x50 ./libraries/mesh_app_lib/mesh_application.o
 .text.mesh_ota_firmware_upgrade_status_callback
                0x005137a4       0x1c ./libraries/mesh_app_lib/mesh_application.o
                0x005137a4                mesh_ota_firmware_upgrade_status_callback
 .text.get_msg_handler_callback
                0x005137c0      0x158 ./libraries/mesh_app_lib/mesh_application.o
 .text.mesh_start_stop_scan_callback
                0x00513918       0xb0 ./libraries/mesh_app_lib/mesh_application.o
 .text.mesh_adv_report
                0x005139c8       0x18 ./libraries/mesh_app_lib/mesh_application.o
 .text.mesh_nvram_access
                0x005139e0       0x38 ./libraries/mesh_app_lib/mesh_application.o
 .text.mesh_fault_test
                0x00513a18       0x64 ./libraries/mesh_app_lib/mesh_application.o
 .text.mesh_publication_callback
                0x00513a7c       0xe8 ./libraries/mesh_app_lib/mesh_application.o
 .text.application_start
                0x00513b64      0x200 ./libraries/mesh_app_lib/mesh_application.o
                0x00513b64                application_start
 .text.mesh_application_factory_reset
                0x00513d64       0x38 ./libraries/mesh_app_lib/mesh_application.o
                0x00513d64                mesh_application_factory_reset
 .text.mesh_interrupt_handler
                0x00513d9c       0x1c ./libraries/mesh_app_lib/mesh_application.o
 .text.mesh_state_changed_cb
                0x00513db8      0x260 ./libraries/mesh_app_lib/mesh_application.o
 .text.mesh_application_init
                0x00514018      0x2f0 ./libraries/mesh_app_lib/mesh_application.o
                0x00514018                mesh_application_init
 .text.mesh_management_cback
                0x00514308       0x7c ./libraries/mesh_app_lib/mesh_application.o
                0x00514308                mesh_management_cback
 .text.mesh_app_node_is_provisioned
                0x00514384        0xc ./libraries/mesh_app_lib/mesh_application.o
                0x00514384                mesh_app_node_is_provisioned
 .text.ECC_Add_
                0x00514390      0x178 ./libraries/fw_upgrade_lib/ecc_pp.o
                0x00514390                ECC_Add_
 .text.MP_InvMod_
                0x00514508      0x1b0 ./libraries/fw_upgrade_lib/ecc_pp.o
                0x00514508                MP_InvMod_
 .text.ecdsa_verify_
                0x005146b8      0x238 ./libraries/fw_upgrade_lib/ecc_pp.o
                0x005146b8                ecdsa_verify_
 .text.wiced_firmware_upgrade_init
                0x005148f0       0x60 ./libraries/fw_upgrade_lib/fw_upgrade.o
                0x005148f0                wiced_firmware_upgrade_init
 .text.wiced_firmware_upgrade_init_nv_locations
                0x00514950       0x54 ./libraries/fw_upgrade_lib/fw_upgrade.o
                0x00514950                wiced_firmware_upgrade_init_nv_locations
 .text.firmware_upgrade_switch_eflash_active_ds
                0x005149a4       0xb0 ./libraries/fw_upgrade_lib/fw_upgrade.o
                0x005149a4                firmware_upgrade_switch_eflash_active_ds
 .text.firmware_upgrade_switch_sflash_active_ds
                0x00514a54       0x90 ./libraries/fw_upgrade_lib/fw_upgrade.o
                0x00514a54                firmware_upgrade_switch_sflash_active_ds
 .text.firmware_upgrade_switch_active_ds
                0x00514ae4       0x24 ./libraries/fw_upgrade_lib/fw_upgrade.o
                0x00514ae4                firmware_upgrade_switch_active_ds
 .text.wiced_firmware_upgrade_finish
                0x00514b08       0x50 ./libraries/fw_upgrade_lib/fw_upgrade.o
                0x00514b08                wiced_firmware_upgrade_finish
 .text.fw_upgrade_erase_sector
                0x00514b58       0x48 ./libraries/fw_upgrade_lib/fw_upgrade.o
                0x00514b58                fw_upgrade_erase_sector
 .text.fw_upgrade_read_mem
                0x00514ba0       0x44 ./libraries/fw_upgrade_lib/fw_upgrade.o
                0x00514ba0                fw_upgrade_read_mem
 .text.wiced_firmware_upgrade_retrieve_from_nv
                0x00514be4       0x74 ./libraries/fw_upgrade_lib/fw_upgrade.o
                0x00514be4                wiced_firmware_upgrade_retrieve_from_nv
 .text.fw_upgrade_write_mem
                0x00514c58       0x40 ./libraries/fw_upgrade_lib/fw_upgrade.o
                0x00514c58                fw_upgrade_write_mem
 .text.wiced_firmware_upgrade_store_to_nv
                0x00514c98       0xc0 ./libraries/fw_upgrade_lib/fw_upgrade.o
                0x00514c98                wiced_firmware_upgrade_store_to_nv
 .text.ota_fw_upgrade_reset_timeout
                0x00514d58       0x58 ./libraries/fw_upgrade_lib/ota_fw_upgrade.o
 .text.ota_fw_upgrade_send_notification.constprop.2
                0x00514db0       0x70 ./libraries/fw_upgrade_lib/ota_fw_upgrade.o
 .text.wiced_ota_fw_upgrade_read_handler
                0x00514e20       0x50 ./libraries/fw_upgrade_lib/ota_fw_upgrade.o
                0x00514e20                wiced_ota_fw_upgrade_read_handler
 .text.wiced_ota_fw_upgrade_write_handler
                0x00514e70      0x500 ./libraries/fw_upgrade_lib/ota_fw_upgrade.o
                0x00514e70                wiced_ota_fw_upgrade_write_handler
 .text.wiced_ota_fw_upgrade_indication_cfm_handler
                0x00515370       0x8c ./libraries/fw_upgrade_lib/ota_fw_upgrade.o
                0x00515370                wiced_ota_fw_upgrade_indication_cfm_handler
 .text.wiced_ota_fw_upgrade_connection_status_event
                0x005153fc       0x20 ./libraries/fw_upgrade_lib/ota_fw_upgrade_common.o
                0x005153fc                wiced_ota_fw_upgrade_connection_status_event
 .text.wiced_ota_fw_upgrade_init
                0x0051541c       0xb4 ./libraries/fw_upgrade_lib/ota_fw_upgrade_common.o
                0x0051541c                wiced_ota_fw_upgrade_init
 .text.ota_fw_upgrade_verify
                0x005154d0       0x88 ./libraries/fw_upgrade_lib/ota_fw_upgrade_common.o
                0x005154d0                ota_fw_upgrade_verify
 .text.dump_hex
                0x00515558       0x80 ./libraries/fw_upgrade_lib/ota_fw_upgrade_common.o
                0x00515558                dump_hex
 .text.ota_sec_fw_upgrade_verify
                0x005155d8      0x134 ./libraries/fw_upgrade_lib/ota_fw_upgrade_common.o
                0x005155d8                ota_sec_fw_upgrade_verify
 .text.mbedtls_sha256_init
                0x0051570c        0xc ./libraries/fw_upgrade_lib/sha256.o
                0x0051570c                mbedtls_sha256_init
 .text.mbedtls_sha256_starts_ret
                0x00515718       0xa4 ./libraries/fw_upgrade_lib/sha256.o
                0x00515718                mbedtls_sha256_starts_ret
 .text.mbedtls_internal_sha256_process
                0x005157bc      0x6c8 ./libraries/fw_upgrade_lib/sha256.o
                0x005157bc                mbedtls_internal_sha256_process
 .text.mbedtls_sha256_update_ret
                0x00515e84       0x84 ./libraries/fw_upgrade_lib/sha256.o
                0x00515e84                mbedtls_sha256_update_ret
 .text.mbedtls_sha256_finish_ret
                0x00515f08      0x134 ./libraries/fw_upgrade_lib/sha256.o
                0x00515f08                mbedtls_sha256_finish_ret
 .text.max44009_init
                0x0051603c       0xac ./libraries/ambient_light_sensor_lib/max_44009.o
                0x0051603c                max44009_init
 .text.max44009_read_ambient_light
                0x005160e8       0xa0 ./libraries/ambient_light_sensor_lib/max_44009.o
                0x005160e8                max44009_read_ambient_light
 .text.led_control_init
                0x00516188       0x74 ./led_control.o
                0x00516188                led_control_init
 .text.led_control_set_brighness_level
                0x005161fc       0x88 ./led_control.o
                0x005161fc                led_control_set_brighness_level
 .text.mesh_find_filter_addr
                0x00516284       0x34 C:/Users/Felix_Tang/ModusToolbox_1.1/libraries/bt_sdk-1.1/components/BT-SDK/208XX-A1_Bluetooth/WICED/libraries/mesh_core_lib.a(mesh_core.o)
                0x00516284                mesh_find_filter_addr
 .text.mesh_core_seq_changed_callback
                0x005162b8       0x24 C:/Users/Felix_Tang/ModusToolbox_1.1/libraries/bt_sdk-1.1/components/BT-SDK/208XX-A1_Bluetooth/WICED/libraries/mesh_core_lib.a(mesh_core.o)
                0x005162b8                mesh_core_seq_changed_callback
 .text.mesh_core_delayed_beacon_timer_callback
                0x005162dc       0x14 C:/Users/Felix_Tang/ModusToolbox_1.1/libraries/bt_sdk-1.1/components/BT-SDK/208XX-A1_Bluetooth/WICED/libraries/mesh_core_lib.a(mesh_core.o)
                0x005162dc                mesh_core_delayed_beacon_timer_callback
 .text.mesh_core_proxy_reassembly_timer_callback
                0x005162f0       0x10 C:/Users/Felix_Tang/ModusToolbox_1.1/libraries/bt_sdk-1.1/components/BT-SDK/208XX-A1_Bluetooth/WICED/libraries/mesh_core_lib.a(mesh_core.o)
                0x005162f0                mesh_core_proxy_reassembly_timer_callback
 .text.wiced_bt_mesh_core_stop_advert
                0x00516300       0x68 C:/Users/Felix_Tang/ModusToolbox_1.1/libraries/bt_sdk-1.1/components/BT-SDK/208XX-A1_Bluetooth/WICED/libraries/mesh_core_lib.a(mesh_core.o)
                0x00516300                wiced_bt_mesh_core_stop_advert
 .text.mesh_core_reboot_delay_timer_callback_
                0x00516368        0x8 C:/Users/Felix_Tang/ModusToolbox_1.1/libraries/bt_sdk-1.1/components/BT-SDK/208XX-A1_Bluetooth/WICED/libraries/mesh_core_lib.a(mesh_core.o)
                0x00516368                mesh_core_reboot_delay_timer_callback_
 .text.send_adv
                0x00516370       0x1c C:/Users/Felix_Tang/ModusToolbox_1.1/libraries/bt_sdk-1.1/components/BT-SDK/208XX-A1_Bluetooth/WICED/libraries/mesh_core_lib.a(mesh_core.o)
                0x00516370                send_adv
 .text.mesh_core_handle_sec_net_broadcast_beacon
                0x0051638c      0x140 C:/Users/Felix_Tang/ModusToolbox_1.1/libraries/bt_sdk-1.1/components/BT-SDK/208XX-A1_Bluetooth/WICED/libraries/mesh_core_lib.a(mesh_core.o)
                0x0051638c                mesh_core_handle_sec_net_broadcast_beacon
 .text.mesh_core_can_send_notification
                0x005164cc       0x48 C:/Users/Felix_Tang/ModusToolbox_1.1/libraries/bt_sdk-1.1/components/BT-SDK/208XX-A1_Bluetooth/WICED/libraries/mesh_core_lib.a(mesh_core.o)
                0x005164cc                mesh_core_can_send_notification
 .text.mesh_core_send_message_over_proxy_connection
                0x00516514       0x48 C:/Users/Felix_Tang/ModusToolbox_1.1/libraries/bt_sdk-1.1/components/BT-SDK/208XX-A1_Bluetooth/WICED/libraries/mesh_core_lib.a(mesh_core.o)
                0x00516514                mesh_core_send_message_over_proxy_connection
 .text.split_proxy
                0x0051655c       0x84 C:/Users/Felix_Tang/ModusToolbox_1.1/libraries/bt_sdk-1.1/components/BT-SDK/208XX-A1_Bluetooth/WICED/libraries/mesh_core_lib.a(mesh_core.o)
                0x0051655c                split_proxy
 .text.mesh_send_message
                0x005165e0       0xf4 C:/Users/Felix_Tang/ModusToolbox_1.1/libraries/bt_sdk-1.1/components/BT-SDK/208XX-A1_Bluetooth/WICED/libraries/mesh_core_lib.a(mesh_core.o)
                0x005165e0                mesh_send_message
 .text.handle_beacon
                0x005166d4       0x1c C:/Users/Felix_Tang/ModusToolbox_1.1/libraries/bt_sdk-1.1/components/BT-SDK/208XX-A1_Bluetooth/WICED/libraries/mesh_core_lib.a(mesh_core.o)
                0x005166d4                handle_beacon
 .text.handle_proxy_frag
                0x005166f0       0xa4 C:/Users/Felix_Tang/ModusToolbox_1.1/libraries/bt_sdk-1.1/components/BT-SDK/208XX-A1_Bluetooth/WICED/libraries/mesh_core_lib.a(mesh_core.o)
                0x005166f0                handle_proxy_frag
 .text.wiced_bt_mesh_core_proxy_packet
                0x00516794       0x84 C:/Users/Felix_Tang/ModusToolbox_1.1/libraries/bt_sdk-1.1/components/BT-SDK/208XX-A1_Bluetooth/WICED/libraries/mesh_core_lib.a(mesh_core.o)
                0x00516794                wiced_bt_mesh_core_proxy_packet
 .text.mesh_start_mesh
                0x00516818       0x20 C:/Users/Felix_Tang/ModusToolbox_1.1/libraries/bt_sdk-1.1/components/BT-SDK/208XX-A1_Bluetooth/WICED/libraries/mesh_core_lib.a(mesh_core.o)
                0x00516818                mesh_start_mesh
 .text.mesh_core_rpl_save
                0x00516838       0x40 C:/Users/Felix_Tang/ModusToolbox_1.1/libraries/bt_sdk-1.1/components/BT-SDK/208XX-A1_Bluetooth/WICED/libraries/mesh_core_lib.a(mesh_core.o)
                0x00516838                mesh_core_rpl_save
 .text.mesh_core_rpl_init
                0x00516878       0x30 C:/Users/Felix_Tang/ModusToolbox_1.1/libraries/bt_sdk-1.1/components/BT-SDK/208XX-A1_Bluetooth/WICED/libraries/mesh_core_lib.a(mesh_core.o)
                0x00516878                mesh_core_rpl_init
 .text.mesh_core_rpl_clear
                0x005168a8       0x98 C:/Users/Felix_Tang/ModusToolbox_1.1/libraries/bt_sdk-1.1/components/BT-SDK/208XX-A1_Bluetooth/WICED/libraries/mesh_core_lib.a(mesh_core.o)
                0x005168a8                mesh_core_rpl_clear
 .text.mesh_core_clear_network_cache_and_rpl
                0x00516940       0x18 C:/Users/Felix_Tang/ModusToolbox_1.1/libraries/bt_sdk-1.1/components/BT-SDK/208XX-A1_Bluetooth/WICED/libraries/mesh_core_lib.a(mesh_core.o)
                0x00516940                mesh_core_clear_network_cache_and_rpl
 .text.wiced_bt_mesh_core_set_gatt_mtu
                0x00516958       0x18 C:/Users/Felix_Tang/ModusToolbox_1.1/libraries/bt_sdk-1.1/components/BT-SDK/208XX-A1_Bluetooth/WICED/libraries/mesh_core_lib.a(mesh_core.o)
                0x00516958                wiced_bt_mesh_core_set_gatt_mtu
 .text.wiced_bt_mesh_core_start
                0x00516970       0x30 C:/Users/Felix_Tang/ModusToolbox_1.1/libraries/bt_sdk-1.1/components/BT-SDK/208XX-A1_Bluetooth/WICED/libraries/mesh_core_lib.a(mesh_core.o)
                0x00516970                wiced_bt_mesh_core_start
 .text.wiced_bt_mesh_core_get_local_addr
                0x005169a0        0xc C:/Users/Felix_Tang/ModusToolbox_1.1/libraries/bt_sdk-1.1/components/BT-SDK/208XX-A1_Bluetooth/WICED/libraries/mesh_core_lib.a(mesh_core.o)
                0x005169a0                wiced_bt_mesh_core_get_local_addr
 .text.wiced_bt_mesh_core_connection_status
                0x005169ac      0x12c C:/Users/Felix_Tang/ModusToolbox_1.1/libraries/bt_sdk-1.1/components/BT-SDK/208XX-A1_Bluetooth/WICED/libraries/mesh_core_lib.a(mesh_core.o)
                0x005169ac                wiced_bt_mesh_core_connection_status
 .text.mesh_read_node_info
                0x00516ad8       0x50 C:/Users/Felix_Tang/ModusToolbox_1.1/libraries/bt_sdk-1.1/components/BT-SDK/208XX-A1_Bluetooth/WICED/libraries/mesh_core_lib.a(mesh_core.o)
                0x00516ad8                mesh_read_node_info
 .text.mesh_read_node_info2
                0x00516b28       0x68 C:/Users/Felix_Tang/ModusToolbox_1.1/libraries/bt_sdk-1.1/components/BT-SDK/208XX-A1_Bluetooth/WICED/libraries/mesh_core_lib.a(mesh_core.o)
                0x00516b28                mesh_read_node_info2
 .text.mesh_write_node_info
                0x00516b90       0x28 C:/Users/Felix_Tang/ModusToolbox_1.1/libraries/bt_sdk-1.1/components/BT-SDK/208XX-A1_Bluetooth/WICED/libraries/mesh_core_lib.a(mesh_core.o)
                0x00516b90                mesh_write_node_info
 .text.mesh_save_node_nv_data
                0x00516bb8       0x28 C:/Users/Felix_Tang/ModusToolbox_1.1/libraries/bt_sdk-1.1/components/BT-SDK/208XX-A1_Bluetooth/WICED/libraries/mesh_core_lib.a(mesh_core.o)
                0x00516bb8                mesh_save_node_nv_data
 .text.saveNodeNvNetKey
                0x00516be0       0x30 C:/Users/Felix_Tang/ModusToolbox_1.1/libraries/bt_sdk-1.1/components/BT-SDK/208XX-A1_Bluetooth/WICED/libraries/mesh_core_lib.a(mesh_core.o)
                0x00516be0                saveNodeNvNetKey
 .text.saveNodeNvAppKey
                0x00516c10       0x30 C:/Users/Felix_Tang/ModusToolbox_1.1/libraries/bt_sdk-1.1/components/BT-SDK/208XX-A1_Bluetooth/WICED/libraries/mesh_core_lib.a(mesh_core.o)
                0x00516c10                saveNodeNvAppKey
 .text.mesh_write_node_info2
                0x00516c40       0x68 C:/Users/Felix_Tang/ModusToolbox_1.1/libraries/bt_sdk-1.1/components/BT-SDK/208XX-A1_Bluetooth/WICED/libraries/mesh_core_lib.a(mesh_core.o)
                0x00516c40                mesh_write_node_info2
 .text.mesh_core_test_mode_signal_network_layer_trnsmit
                0x00516ca8       0x84 C:/Users/Felix_Tang/ModusToolbox_1.1/libraries/bt_sdk-1.1/components/BT-SDK/208XX-A1_Bluetooth/WICED/libraries/mesh_core_lib.a(mesh_core.o)
                0x00516ca8                mesh_core_test_mode_signal_network_layer_trnsmit
 .text.mesh_core_test_mode_signal_transport_layer_trnsmit
                0x00516d2c       0xb4 C:/Users/Felix_Tang/ModusToolbox_1.1/libraries/bt_sdk-1.1/components/BT-SDK/208XX-A1_Bluetooth/WICED/libraries/mesh_core_lib.a(mesh_core.o)
                0x00516d2c                mesh_core_test_mode_signal_transport_layer_trnsmit
 .text.mesh_core_test_mode_signal_ivupdate_signal_transit
                0x00516de0       0x48 C:/Users/Felix_Tang/ModusToolbox_1.1/libraries/bt_sdk-1.1/components/BT-SDK/208XX-A1_Bluetooth/WICED/libraries/mesh_core_lib.a(mesh_core.o)
                0x00516de0                mesh_core_test_mode_signal_ivupdate_signal_transit
 .text.mesh_core_test_mode_signal_health_set_faults
                0x00516e28       0x2c C:/Users/Felix_Tang/ModusToolbox_1.1/libraries/bt_sdk-1.1/components/BT-SDK/208XX-A1_Bluetooth/WICED/libraries/mesh_core_lib.a(mesh_core.o)
                0x00516e28                mesh_core_test_mode_signal_health_set_faults
 .text.mesh_core_test_mode_signal_access_pdu
                0x00516e54       0xa8 C:/Users/Felix_Tang/ModusToolbox_1.1/libraries/bt_sdk-1.1/components/BT-SDK/208XX-A1_Bluetooth/WICED/libraries/mesh_core_lib.a(mesh_core.o)
                0x00516e54                mesh_core_test_mode_signal_access_pdu
 .text.mesh_core_test_mode_signal_send_subs_updt
                0x00516efc       0x1c C:/Users/Felix_Tang/ModusToolbox_1.1/libraries/bt_sdk-1.1/components/BT-SDK/208XX-A1_Bluetooth/WICED/libraries/mesh_core_lib.a(mesh_core.o)
                0x00516efc                mesh_core_test_mode_signal_send_subs_updt
 .text.mesh_core_op2be
                0x00516f18       0x18 C:/Users/Felix_Tang/ModusToolbox_1.1/libraries/bt_sdk-1.1/components/BT-SDK/208XX-A1_Bluetooth/WICED/libraries/mesh_core_lib.a(mesh_core.o)
                0x00516f18                mesh_core_op2be
 .text.mesh_clear_node_nv_data
                0x00516f30       0x68 C:/Users/Felix_Tang/ModusToolbox_1.1/libraries/bt_sdk-1.1/components/BT-SDK/208XX-A1_Bluetooth/WICED/libraries/mesh_core_lib.a(mesh_core.o)
                0x00516f30                mesh_clear_node_nv_data
 .text.mesh_create_node
                0x00516f98      0x1f8 C:/Users/Felix_Tang/ModusToolbox_1.1/libraries/bt_sdk-1.1/components/BT-SDK/208XX-A1_Bluetooth/WICED/libraries/mesh_core_lib.a(mesh_core.o)
                0x00516f98                mesh_create_node
 .text.mesh_set_iv_index
                0x00517190       0x28 C:/Users/Felix_Tang/ModusToolbox_1.1/libraries/bt_sdk-1.1/components/BT-SDK/208XX-A1_Bluetooth/WICED/libraries/mesh_core_lib.a(mesh_core.o)
                0x00517190                mesh_set_iv_index
 .text.mesh_set_app_key_and_id
                0x005171b8       0xcc C:/Users/Felix_Tang/ModusToolbox_1.1/libraries/bt_sdk-1.1/components/BT-SDK/208XX-A1_Bluetooth/WICED/libraries/mesh_core_lib.a(mesh_core.o)
                0x005171b8                mesh_set_app_key_and_id
 .text.mesh_set_app_key
                0x00517284       0x34 C:/Users/Felix_Tang/ModusToolbox_1.1/libraries/bt_sdk-1.1/components/BT-SDK/208XX-A1_Bluetooth/WICED/libraries/mesh_core_lib.a(mesh_core.o)
                0x00517284                mesh_set_app_key
 .text.mesh_set_dev_key
                0x005172b8       0x4c C:/Users/Felix_Tang/ModusToolbox_1.1/libraries/bt_sdk-1.1/components/BT-SDK/208XX-A1_Bluetooth/WICED/libraries/mesh_core_lib.a(mesh_core.o)
                0x005172b8                mesh_set_dev_key
 .text.mesh_set_net_security
                0x00517304      0x178 C:/Users/Felix_Tang/ModusToolbox_1.1/libraries/bt_sdk-1.1/components/BT-SDK/208XX-A1_Bluetooth/WICED/libraries/mesh_core_lib.a(mesh_core.o)
                0x00517304                mesh_set_net_security
 .text.mesh_set_net_key
                0x0051747c       0x90 C:/Users/Felix_Tang/ModusToolbox_1.1/libraries/bt_sdk-1.1/components/BT-SDK/208XX-A1_Bluetooth/WICED/libraries/mesh_core_lib.a(mesh_core.o)
                0x0051747c                mesh_set_net_key
 .text.mesh_set_dev_addr
                0x0051750c       0x24 C:/Users/Felix_Tang/ModusToolbox_1.1/libraries/bt_sdk-1.1/components/BT-SDK/208XX-A1_Bluetooth/WICED/libraries/mesh_core_lib.a(mesh_core.o)
                0x0051750c                mesh_set_dev_addr
 .text.mesh_stop_mesh
                0x00517530       0x14 C:/Users/Felix_Tang/ModusToolbox_1.1/libraries/bt_sdk-1.1/components/BT-SDK/208XX-A1_Bluetooth/WICED/libraries/mesh_core_lib.a(mesh_core.o)
                0x00517530                mesh_stop_mesh
 .text.wiced_bt_mesh_core_set_seq
                0x00517544       0x4c C:/Users/Felix_Tang/ModusToolbox_1.1/libraries/bt_sdk-1.1/components/BT-SDK/208XX-A1_Bluetooth/WICED/libraries/mesh_core_lib.a(mesh_core.o)
                0x00517544                wiced_bt_mesh_core_set_seq
 .text.wiced_bt_mesh_core_test_mode_signal
                0x00517590      0x1c8 C:/Users/Felix_Tang/ModusToolbox_1.1/libraries/bt_sdk-1.1/components/BT-SDK/208XX-A1_Bluetooth/WICED/libraries/mesh_core_lib.a(mesh_core.o)
                0x00517590                wiced_bt_mesh_core_test_mode_signal
 .text.mesh_core_reset
                0x00517758      0x13c C:/Users/Felix_Tang/ModusToolbox_1.1/libraries/bt_sdk-1.1/components/BT-SDK/208XX-A1_Bluetooth/WICED/libraries/mesh_core_lib.a(mesh_core.o)
                0x00517758                mesh_core_reset
 .text.mesh_core_init_ponters
                0x00517894      0x15c C:/Users/Felix_Tang/ModusToolbox_1.1/libraries/bt_sdk-1.1/components/BT-SDK/208XX-A1_Bluetooth/WICED/libraries/mesh_core_lib.a(mesh_core.o)
                0x00517894                mesh_core_init_ponters
 .text.wiced_bt_mesh_core_init
                0x005179f0      0x204 C:/Users/Felix_Tang/ModusToolbox_1.1/libraries/bt_sdk-1.1/components/BT-SDK/208XX-A1_Bluetooth/WICED/libraries/mesh_core_lib.a(mesh_core.o)
                0x005179f0                wiced_bt_mesh_core_init
 .text.handle_manufacturer
                0x00517bf4       0xbc C:/Users/Felix_Tang/ModusToolbox_1.1/libraries/bt_sdk-1.1/components/BT-SDK/208XX-A1_Bluetooth/WICED/libraries/mesh_core_lib.a(mesh_core.o)
                0x00517bf4                handle_manufacturer
 .text.wiced_bt_mesh_core_adv_packet
                0x00517cb0       0x90 C:/Users/Felix_Tang/ModusToolbox_1.1/libraries/bt_sdk-1.1/components/BT-SDK/208XX-A1_Bluetooth/WICED/libraries/mesh_core_lib.a(mesh_core.o)
                0x00517cb0                wiced_bt_mesh_core_adv_packet
 .text.wiced_bt_mesh_set_raw_scan_response_data
                0x00517d40       0x18 C:/Users/Felix_Tang/ModusToolbox_1.1/libraries/bt_sdk-1.1/components/BT-SDK/208XX-A1_Bluetooth/WICED/libraries/mesh_core_lib.a(mesh_core.o)
                0x00517d40                wiced_bt_mesh_set_raw_scan_response_data
 .text.mesh_core_update_sleep
                0x00517d58       0xd4 C:/Users/Felix_Tang/ModusToolbox_1.1/libraries/bt_sdk-1.1/components/BT-SDK/208XX-A1_Bluetooth/WICED/libraries/mesh_core_lib.a(mesh_core.o)
                0x00517d58                mesh_core_update_sleep
 .text.pb_transport_timer_start
                0x00517e2c       0x50 C:/Users/Felix_Tang/ModusToolbox_1.1/libraries/bt_sdk-1.1/components/BT-SDK/208XX-A1_Bluetooth/WICED/libraries/mesh_core_lib.a(pb_transport.o)
                0x00517e2c                pb_transport_timer_start
 .text.pb_transport_timer_stop
                0x00517e7c       0x20 C:/Users/Felix_Tang/ModusToolbox_1.1/libraries/bt_sdk-1.1/components/BT-SDK/208XX-A1_Bluetooth/WICED/libraries/mesh_core_lib.a(pb_transport.o)
                0x00517e7c                pb_transport_timer_stop
 .text.pb_transport_find_conn_
                0x00517e9c       0x28 C:/Users/Felix_Tang/ModusToolbox_1.1/libraries/bt_sdk-1.1/components/BT-SDK/208XX-A1_Bluetooth/WICED/libraries/mesh_core_lib.a(pb_transport.o)
                0x00517e9c                pb_transport_find_conn_
 .text.pb_transport_alloc_conn_
                0x00517ec4       0x5c C:/Users/Felix_Tang/ModusToolbox_1.1/libraries/bt_sdk-1.1/components/BT-SDK/208XX-A1_Bluetooth/WICED/libraries/mesh_core_lib.a(pb_transport.o)
                0x00517ec4                pb_transport_alloc_conn_
 .text.pb_transport_del_conn_
                0x00517f20       0x38 C:/Users/Felix_Tang/ModusToolbox_1.1/libraries/bt_sdk-1.1/components/BT-SDK/208XX-A1_Bluetooth/WICED/libraries/mesh_core_lib.a(pb_transport.o)
                0x00517f20                pb_transport_del_conn_
 .text.pb_crc8_updateBlock
                0x00517f58       0x20 C:/Users/Felix_Tang/ModusToolbox_1.1/libraries/bt_sdk-1.1/components/BT-SDK/208XX-A1_Bluetooth/WICED/libraries/mesh_core_lib.a(pb_transport.o)
                0x00517f58                pb_crc8_updateBlock
 .text.pb_transport_handle_frag_
                0x00517f78      0x174 C:/Users/Felix_Tang/ModusToolbox_1.1/libraries/bt_sdk-1.1/components/BT-SDK/208XX-A1_Bluetooth/WICED/libraries/mesh_core_lib.a(pb_transport.o)
                0x00517f78                pb_transport_handle_frag_
 .text.pb_transport_close
                0x005180ec       0x3c C:/Users/Felix_Tang/ModusToolbox_1.1/libraries/bt_sdk-1.1/components/BT-SDK/208XX-A1_Bluetooth/WICED/libraries/mesh_core_lib.a(pb_transport.o)
                0x005180ec                pb_transport_close
 .text.pb_transport_adv_send_
                0x00518128       0x78 C:/Users/Felix_Tang/ModusToolbox_1.1/libraries/bt_sdk-1.1/components/BT-SDK/208XX-A1_Bluetooth/WICED/libraries/mesh_core_lib.a(pb_transport.o)
                0x00518128                pb_transport_adv_send_
 .text.pb_adv_handle_data_
                0x005181a0       0xd4 C:/Users/Felix_Tang/ModusToolbox_1.1/libraries/bt_sdk-1.1/components/BT-SDK/208XX-A1_Bluetooth/WICED/libraries/mesh_core_lib.a(pb_transport.o)
                0x005181a0                pb_adv_handle_data_
 .text.pb_transport_split_message_
                0x00518274       0xe0 C:/Users/Felix_Tang/ModusToolbox_1.1/libraries/bt_sdk-1.1/components/BT-SDK/208XX-A1_Bluetooth/WICED/libraries/mesh_core_lib.a(pb_transport.o)
                0x00518274                pb_transport_split_message_
 .text.pb_transport_timer_callback
                0x00518354      0x12c C:/Users/Felix_Tang/ModusToolbox_1.1/libraries/bt_sdk-1.1/components/BT-SDK/208XX-A1_Bluetooth/WICED/libraries/mesh_core_lib.a(pb_transport.o)
                0x00518354                pb_transport_timer_callback
 .text.pb_transport_adv_handle_link_establ_message_
                0x00518480      0x184 C:/Users/Felix_Tang/ModusToolbox_1.1/libraries/bt_sdk-1.1/components/BT-SDK/208XX-A1_Bluetooth/WICED/libraries/mesh_core_lib.a(pb_transport.o)
                0x00518480                pb_transport_adv_handle_link_establ_message_
 .text.pb_adv_link_close
                0x00518604       0x60 C:/Users/Felix_Tang/ModusToolbox_1.1/libraries/bt_sdk-1.1/components/BT-SDK/208XX-A1_Bluetooth/WICED/libraries/mesh_core_lib.a(pb_transport.o)
                0x00518604                pb_adv_link_close
 .text.pb_adv_send_packet
                0x00518664       0x60 C:/Users/Felix_Tang/ModusToolbox_1.1/libraries/bt_sdk-1.1/components/BT-SDK/208XX-A1_Bluetooth/WICED/libraries/mesh_core_lib.a(pb_transport.o)
                0x00518664                pb_adv_send_packet
 .text.pb_adv_handle_packet
                0x005186c4       0x44 C:/Users/Felix_Tang/ModusToolbox_1.1/libraries/bt_sdk-1.1/components/BT-SDK/208XX-A1_Bluetooth/WICED/libraries/mesh_core_lib.a(pb_transport.o)
                0x005186c4                pb_adv_handle_packet
 .text.pb_adv_init
                0x00518708       0x38 C:/Users/Felix_Tang/ModusToolbox_1.1/libraries/bt_sdk-1.1/components/BT-SDK/208XX-A1_Bluetooth/WICED/libraries/mesh_core_lib.a(pb_transport.o)
                0x00518708                pb_adv_init
 .text.pb_transport_reset
                0x00518740       0x40 C:/Users/Felix_Tang/ModusToolbox_1.1/libraries/bt_sdk-1.1/components/BT-SDK/208XX-A1_Bluetooth/WICED/libraries/mesh_core_lib.a(pb_transport.o)
                0x00518740                pb_transport_reset
 .text.provisioning_alloc_cb
                0x00518780       0x28 C:/Users/Felix_Tang/ModusToolbox_1.1/libraries/bt_sdk-1.1/components/BT-SDK/208XX-A1_Bluetooth/WICED/libraries/mesh_core_lib.a(provisioning.o)
 .text.provisioning_timer_set
                0x005187a8       0x2c C:/Users/Felix_Tang/ModusToolbox_1.1/libraries/bt_sdk-1.1/components/BT-SDK/208XX-A1_Bluetooth/WICED/libraries/mesh_core_lib.a(provisioning.o)
                0x005187a8                provisioning_timer_set
 .text.provisioning_timer_update
                0x005187d4       0x8c C:/Users/Felix_Tang/ModusToolbox_1.1/libraries/bt_sdk-1.1/components/BT-SDK/208XX-A1_Bluetooth/WICED/libraries/mesh_core_lib.a(provisioning.o)
                0x005187d4                provisioning_timer_update
 .text.pb_del_conn
                0x00518860       0x40 C:/Users/Felix_Tang/ModusToolbox_1.1/libraries/bt_sdk-1.1/components/BT-SDK/208XX-A1_Bluetooth/WICED/libraries/mesh_core_lib.a(provisioning.o)
                0x00518860                pb_del_conn
 .text.pb_gatt_send_packet
                0x005188a0       0x18 C:/Users/Felix_Tang/ModusToolbox_1.1/libraries/bt_sdk-1.1/components/BT-SDK/208XX-A1_Bluetooth/WICED/libraries/mesh_core_lib.a(provisioning.o)
                0x005188a0                pb_gatt_send_packet
 .text.wiced_bt_mesh_core_provision_started
                0x005188b8       0x2c C:/Users/Felix_Tang/ModusToolbox_1.1/libraries/bt_sdk-1.1/components/BT-SDK/208XX-A1_Bluetooth/WICED/libraries/mesh_core_lib.a(provisioning.o)
                0x005188b8                wiced_bt_mesh_core_provision_started
 .text.wiced_bt_mesh_core_provision_end
                0x005188e4       0xd0 C:/Users/Felix_Tang/ModusToolbox_1.1/libraries/bt_sdk-1.1/components/BT-SDK/208XX-A1_Bluetooth/WICED/libraries/mesh_core_lib.a(provisioning.o)
                0x005188e4                wiced_bt_mesh_core_provision_end
 .text.provisioning_timer_callback
                0x005189b4       0x54 C:/Users/Felix_Tang/ModusToolbox_1.1/libraries/bt_sdk-1.1/components/BT-SDK/208XX-A1_Bluetooth/WICED/libraries/mesh_core_lib.a(provisioning.o)
                0x005189b4                provisioning_timer_callback
 .text.pb_provisioning_authenticate_
                0x00518a08       0x70 C:/Users/Felix_Tang/ModusToolbox_1.1/libraries/bt_sdk-1.1/components/BT-SDK/208XX-A1_Bluetooth/WICED/libraries/mesh_core_lib.a(provisioning.o)
                0x00518a08                pb_provisioning_authenticate_
 .text.provisioning_init
                0x00518a78       0x44 C:/Users/Felix_Tang/ModusToolbox_1.1/libraries/bt_sdk-1.1/components/BT-SDK/208XX-A1_Bluetooth/WICED/libraries/mesh_core_lib.a(provisioning.o)
                0x00518a78                provisioning_init
 .text.wiced_bt_mesh_core_provision_server_init
                0x00518abc       0x28 C:/Users/Felix_Tang/ModusToolbox_1.1/libraries/bt_sdk-1.1/components/BT-SDK/208XX-A1_Bluetooth/WICED/libraries/mesh_core_lib.a(provisioning.o)
                0x00518abc                wiced_bt_mesh_core_provision_server_init
 .text.pb_adv_link_opened
                0x00518ae4       0xb0 C:/Users/Felix_Tang/ModusToolbox_1.1/libraries/bt_sdk-1.1/components/BT-SDK/208XX-A1_Bluetooth/WICED/libraries/mesh_core_lib.a(provisioning.o)
                0x00518ae4                pb_adv_link_opened
 .text.pb_adv_link_closed
                0x00518b94       0x88 C:/Users/Felix_Tang/ModusToolbox_1.1/libraries/bt_sdk-1.1/components/BT-SDK/208XX-A1_Bluetooth/WICED/libraries/mesh_core_lib.a(provisioning.o)
                0x00518b94                pb_adv_link_closed
 .text.pb_adv_packet_sent
                0x00518c1c       0xb4 C:/Users/Felix_Tang/ModusToolbox_1.1/libraries/bt_sdk-1.1/components/BT-SDK/208XX-A1_Bluetooth/WICED/libraries/mesh_core_lib.a(provisioning.o)
                0x00518c1c                pb_adv_packet_sent
 .text.check_start
                0x00518cd0       0x8e C:/Users/Felix_Tang/ModusToolbox_1.1/libraries/bt_sdk-1.1/components/BT-SDK/208XX-A1_Bluetooth/WICED/libraries/mesh_core_lib.a(provisioning.o)
                0x00518cd0                check_start
 *fill*         0x00518d5e        0x2 
 .text.pb_transport_gatt_split_cb
                0x00518d60       0x3c C:/Users/Felix_Tang/ModusToolbox_1.1/libraries/bt_sdk-1.1/components/BT-SDK/208XX-A1_Bluetooth/WICED/libraries/mesh_core_lib.a(provisioning.o)
                0x00518d60                pb_transport_gatt_split_cb
 .text.provisioning_on_gatt_disconnect
                0x00518d9c       0x50 C:/Users/Felix_Tang/ModusToolbox_1.1/libraries/bt_sdk-1.1/components/BT-SDK/208XX-A1_Bluetooth/WICED/libraries/mesh_core_lib.a(provisioning.o)
                0x00518d9c                provisioning_on_gatt_disconnect
 .text.provisioning_rpr_self_enqueue
                0x00518dec       0x1c C:/Users/Felix_Tang/ModusToolbox_1.1/libraries/bt_sdk-1.1/components/BT-SDK/208XX-A1_Bluetooth/WICED/libraries/mesh_core_lib.a(provisioning.o)
                0x00518dec                provisioning_rpr_self_enqueue
 .text.provisioning_rpr_self_dequeue
                0x00518e08       0x10 C:/Users/Felix_Tang/ModusToolbox_1.1/libraries/bt_sdk-1.1/components/BT-SDK/208XX-A1_Bluetooth/WICED/libraries/mesh_core_lib.a(provisioning.o)
                0x00518e08                provisioning_rpr_self_dequeue
 .text.provisioning_rpr_self_clear_queue
                0x00518e18       0x18 C:/Users/Felix_Tang/ModusToolbox_1.1/libraries/bt_sdk-1.1/components/BT-SDK/208XX-A1_Bluetooth/WICED/libraries/mesh_core_lib.a(provisioning.o)
                0x00518e18                provisioning_rpr_self_clear_queue
 .text.provisioning_rpr_self_timer_callback
                0x00518e30       0x6c C:/Users/Felix_Tang/ModusToolbox_1.1/libraries/bt_sdk-1.1/components/BT-SDK/208XX-A1_Bluetooth/WICED/libraries/mesh_core_lib.a(provisioning.o)
                0x00518e30                provisioning_rpr_self_timer_callback
 .text.provisioning_rpr_self_enqueue_msg
                0x00518e9c       0x88 C:/Users/Felix_Tang/ModusToolbox_1.1/libraries/bt_sdk-1.1/components/BT-SDK/208XX-A1_Bluetooth/WICED/libraries/mesh_core_lib.a(provisioning.o)
                0x00518e9c                provisioning_rpr_self_enqueue_msg
 .text.wiced_bt_mesh_core_provision_send_packet_
                0x00518f24       0x6c C:/Users/Felix_Tang/ModusToolbox_1.1/libraries/bt_sdk-1.1/components/BT-SDK/208XX-A1_Bluetooth/WICED/libraries/mesh_core_lib.a(provisioning.o)
                0x00518f24                wiced_bt_mesh_core_provision_send_packet_
 .text.provision_handle
                0x00518f90      0x3fc C:/Users/Felix_Tang/ModusToolbox_1.1/libraries/bt_sdk-1.1/components/BT-SDK/208XX-A1_Bluetooth/WICED/libraries/mesh_core_lib.a(provisioning.o)
                0x00518f90                provision_handle
 .text.pb_transport_received_packet
                0x0051938c       0x34 C:/Users/Felix_Tang/ModusToolbox_1.1/libraries/bt_sdk-1.1/components/BT-SDK/208XX-A1_Bluetooth/WICED/libraries/mesh_core_lib.a(provisioning.o)
                0x0051938c                pb_transport_received_packet
 .text.wiced_bt_mesh_core_provision_gatt_packet
                0x005193c0       0xa8 C:/Users/Felix_Tang/ModusToolbox_1.1/libraries/bt_sdk-1.1/components/BT-SDK/208XX-A1_Bluetooth/WICED/libraries/mesh_core_lib.a(provisioning.o)
                0x005193c0                wiced_bt_mesh_core_provision_gatt_packet
 .text.wiced_bt_mesh_core_provision_set_capabilities
                0x00519468       0xd0 C:/Users/Felix_Tang/ModusToolbox_1.1/libraries/bt_sdk-1.1/components/BT-SDK/208XX-A1_Bluetooth/WICED/libraries/mesh_core_lib.a(provisioning.o)
                0x00519468                wiced_bt_mesh_core_provision_set_capabilities
 .text.provisioning_reset
                0x00519538       0x54 C:/Users/Felix_Tang/ModusToolbox_1.1/libraries/bt_sdk-1.1/components/BT-SDK/208XX-A1_Bluetooth/WICED/libraries/mesh_core_lib.a(provisioning.o)
                0x00519538                provisioning_reset
 .text.ecdh_init_curve
                0x0051958c        0xc C:/Users/Felix_Tang/ModusToolbox_1.1/libraries/bt_sdk-1.1/components/BT-SDK/208XX-A1_Bluetooth/WICED/libraries/mesh_core_lib.a(ecdh.o)
                0x0051958c                ecdh_init_curve
 .text.memcpy_r
                0x00519598       0x34 C:/Users/Felix_Tang/ModusToolbox_1.1/libraries/bt_sdk-1.1/components/BT-SDK/208XX-A1_Bluetooth/WICED/libraries/mesh_core_lib.a(ecdh.o)
                0x00519598                memcpy_r
 .text.ecdh_create_pub_key
                0x005195cc       0x40 C:/Users/Felix_Tang/ModusToolbox_1.1/libraries/bt_sdk-1.1/components/BT-SDK/208XX-A1_Bluetooth/WICED/libraries/mesh_core_lib.a(ecdh.o)
                0x005195cc                ecdh_create_pub_key
 .text.ecdh_calc_secret
                0x0051960c       0x44 C:/Users/Felix_Tang/ModusToolbox_1.1/libraries/bt_sdk-1.1/components/BT-SDK/208XX-A1_Bluetooth/WICED/libraries/mesh_core_lib.a(ecdh.o)
                0x0051960c                ecdh_calc_secret
 .text.ecdh_validate_pub_key
                0x00519650       0xd8 C:/Users/Felix_Tang/ModusToolbox_1.1/libraries/bt_sdk-1.1/components/BT-SDK/208XX-A1_Bluetooth/WICED/libraries/mesh_core_lib.a(ecdh.o)
                0x00519650                ecdh_validate_pub_key
 .text.mesh_core_create_proxy_svc_advert_r.part.2
                0x00519728       0x98 C:/Users/Felix_Tang/ModusToolbox_1.1/libraries/bt_sdk-1.1/components/BT-SDK/208XX-A1_Bluetooth/WICED/libraries/mesh_core_lib.a(core_aes_ccm.o)
 .text.mesh_core_obfuscation_r
                0x005197c0       0x7c C:/Users/Felix_Tang/ModusToolbox_1.1/libraries/bt_sdk-1.1/components/BT-SDK/208XX-A1_Bluetooth/WICED/libraries/mesh_core_lib.a(core_aes_ccm.o)
                0x005197c0                mesh_core_obfuscation_r
 .text.mesh_core_build_nonce_r
                0x0051983c       0x78 C:/Users/Felix_Tang/ModusToolbox_1.1/libraries/bt_sdk-1.1/components/BT-SDK/208XX-A1_Bluetooth/WICED/libraries/mesh_core_lib.a(core_aes_ccm.o)
                0x0051983c                mesh_core_build_nonce_r
 .text.mesh_core_sec_material_decrypt_r.part.1
                0x005198b4       0xc0 C:/Users/Felix_Tang/ModusToolbox_1.1/libraries/bt_sdk-1.1/components/BT-SDK/208XX-A1_Bluetooth/WICED/libraries/mesh_core_lib.a(core_aes_ccm.o)
 .text.mesh_core_sec_material_decrypt_r
                0x00519974       0x20 C:/Users/Felix_Tang/ModusToolbox_1.1/libraries/bt_sdk-1.1/components/BT-SDK/208XX-A1_Bluetooth/WICED/libraries/mesh_core_lib.a(core_aes_ccm.o)
                0x00519974                mesh_core_sec_material_decrypt_r
 .text.mesh_core_net_decrypt_r
                0x00519994       0xfc C:/Users/Felix_Tang/ModusToolbox_1.1/libraries/bt_sdk-1.1/components/BT-SDK/208XX-A1_Bluetooth/WICED/libraries/mesh_core_lib.a(core_aes_ccm.o)
                0x00519994                mesh_core_net_decrypt_r
 .text.mesh_core_ccm_crypt_nonce_r
                0x00519a90       0x7c C:/Users/Felix_Tang/ModusToolbox_1.1/libraries/bt_sdk-1.1/components/BT-SDK/208XX-A1_Bluetooth/WICED/libraries/mesh_core_lib.a(core_aes_ccm.o)
                0x00519a90                mesh_core_ccm_crypt_nonce_r
 .text.mesh_core_ccm_crypt_r
                0x00519b0c       0x7c C:/Users/Felix_Tang/ModusToolbox_1.1/libraries/bt_sdk-1.1/components/BT-SDK/208XX-A1_Bluetooth/WICED/libraries/mesh_core_lib.a(core_aes_ccm.o)
                0x00519b0c                mesh_core_ccm_crypt_r
 .text.mesh_core_ccm_encrypt_net_r
                0x00519b88       0x58 C:/Users/Felix_Tang/ModusToolbox_1.1/libraries/bt_sdk-1.1/components/BT-SDK/208XX-A1_Bluetooth/WICED/libraries/mesh_core_lib.a(core_aes_ccm.o)
                0x00519b88                mesh_core_ccm_encrypt_net_r
 .text.mesh_core_pb_calc_confirmation_r
                0x00519be0       0x6c C:/Users/Felix_Tang/ModusToolbox_1.1/libraries/bt_sdk-1.1/components/BT-SDK/208XX-A1_Bluetooth/WICED/libraries/mesh_core_lib.a(core_aes_ccm.o)
                0x00519be0                mesh_core_pb_calc_confirmation_r
 .text.mesh_core_calc_beacon_auth_r
                0x00519c4c       0x60 C:/Users/Felix_Tang/ModusToolbox_1.1/libraries/bt_sdk-1.1/components/BT-SDK/208XX-A1_Bluetooth/WICED/libraries/mesh_core_lib.a(core_aes_ccm.o)
                0x00519c4c                mesh_core_calc_beacon_auth_r
 .text.mesh_core_iv_update_active_r
                0x00519cac       0x14 C:/Users/Felix_Tang/ModusToolbox_1.1/libraries/bt_sdk-1.1/components/BT-SDK/208XX-A1_Bluetooth/WICED/libraries/mesh_core_lib.a(core_aes_ccm.o)
                0x00519cac                mesh_core_iv_update_active_r
 .text.mesh_core_create_secure_network_beacon_r
                0x00519cc0       0x64 C:/Users/Felix_Tang/ModusToolbox_1.1/libraries/bt_sdk-1.1/components/BT-SDK/208XX-A1_Bluetooth/WICED/libraries/mesh_core_lib.a(core_aes_ccm.o)
                0x00519cc0                mesh_core_create_secure_network_beacon_r
 .text.mesh_core_create_secure_network_advert_r
                0x00519d24       0x38 C:/Users/Felix_Tang/ModusToolbox_1.1/libraries/bt_sdk-1.1/components/BT-SDK/208XX-A1_Bluetooth/WICED/libraries/mesh_core_lib.a(core_aes_ccm.o)
                0x00519d24                mesh_core_create_secure_network_advert_r
 .text.mesh_core_create_proxy_svc_advert_r
                0x00519d5c       0x64 C:/Users/Felix_Tang/ModusToolbox_1.1/libraries/bt_sdk-1.1/components/BT-SDK/208XX-A1_Bluetooth/WICED/libraries/mesh_core_lib.a(core_aes_ccm.o)
                0x00519d5c                mesh_core_create_proxy_svc_advert_r
 .text.mesh_core_update_beacon_r
                0x00519dc0      0x1cc C:/Users/Felix_Tang/ModusToolbox_1.1/libraries/bt_sdk-1.1/components/BT-SDK/208XX-A1_Bluetooth/WICED/libraries/mesh_core_lib.a(core_aes_ccm.o)
                0x00519dc0                mesh_core_update_beacon_r
 .text.mesh_core_pb_calc_authentication_r
                0x00519f8c       0xe4 C:/Users/Felix_Tang/ModusToolbox_1.1/libraries/bt_sdk-1.1/components/BT-SDK/208XX-A1_Bluetooth/WICED/libraries/mesh_core_lib.a(core_aes_ccm.o)
                0x00519f8c                mesh_core_pb_calc_authentication_r
 .text.mesh_core_pb_calc_session_key
                0x0051a070       0x90 C:/Users/Felix_Tang/ModusToolbox_1.1/libraries/bt_sdk-1.1/components/BT-SDK/208XX-A1_Bluetooth/WICED/libraries/mesh_core_lib.a(core_aes_ccm.o)
                0x0051a070                mesh_core_pb_calc_session_key
 .text.mesh_core_pb_check_confirmation_r
                0x0051a100       0x38 C:/Users/Felix_Tang/ModusToolbox_1.1/libraries/bt_sdk-1.1/components/BT-SDK/208XX-A1_Bluetooth/WICED/libraries/mesh_core_lib.a(core_aes_ccm.o)
                0x0051a100                mesh_core_pb_check_confirmation_r
 .text.mesh_core_calc_net_security_r
                0x0051a138       0xb8 C:/Users/Felix_Tang/ModusToolbox_1.1/libraries/bt_sdk-1.1/components/BT-SDK/208XX-A1_Bluetooth/WICED/libraries/mesh_core_lib.a(core_aes_ccm.o)
                0x0051a138                mesh_core_calc_net_security_r
 .text.wiced_bt_mesh_core_crypt
                0x0051a1f0      0x194 C:/Users/Felix_Tang/ModusToolbox_1.1/libraries/bt_sdk-1.1/components/BT-SDK/208XX-A1_Bluetooth/WICED/libraries/mesh_core_lib.a(core_aes_ccm.o)
                0x0051a1f0                wiced_bt_mesh_core_crypt
 .text.lower_transport_layer_timer_stop
                0x0051a384       0x28 C:/Users/Felix_Tang/ModusToolbox_1.1/libraries/bt_sdk-1.1/components/BT-SDK/208XX-A1_Bluetooth/WICED/libraries/mesh_core_lib.a(lower_transport_layer.o)
                0x0051a384                lower_transport_layer_timer_stop
 .text.lower_transport_layer_timer_start
                0x0051a3ac       0xa0 C:/Users/Felix_Tang/ModusToolbox_1.1/libraries/bt_sdk-1.1/components/BT-SDK/208XX-A1_Bluetooth/WICED/libraries/mesh_core_lib.a(lower_transport_layer.o)
                0x0051a3ac                lower_transport_layer_timer_start
 .text.lower_transport_layer_find_cb_by_ptr
                0x0051a44c       0x30 C:/Users/Felix_Tang/ModusToolbox_1.1/libraries/bt_sdk-1.1/components/BT-SDK/208XX-A1_Bluetooth/WICED/libraries/mesh_core_lib.a(lower_transport_layer.o)
                0x0051a44c                lower_transport_layer_find_cb_by_ptr
 .text.lower_transport_layer_find_cb
                0x0051a47c       0x44 C:/Users/Felix_Tang/ModusToolbox_1.1/libraries/bt_sdk-1.1/components/BT-SDK/208XX-A1_Bluetooth/WICED/libraries/mesh_core_lib.a(lower_transport_layer.o)
                0x0051a47c                lower_transport_layer_find_cb
 .text.lower_transport_layer_alloc_cb
                0x0051a4c0       0x7c C:/Users/Felix_Tang/ModusToolbox_1.1/libraries/bt_sdk-1.1/components/BT-SDK/208XX-A1_Bluetooth/WICED/libraries/mesh_core_lib.a(lower_transport_layer.o)
                0x0051a4c0                lower_transport_layer_alloc_cb
 .text.lower_transport_layer_del_cb_from_array
                0x0051a53c       0x3c C:/Users/Felix_Tang/ModusToolbox_1.1/libraries/bt_sdk-1.1/components/BT-SDK/208XX-A1_Bluetooth/WICED/libraries/mesh_core_lib.a(lower_transport_layer.o)
                0x0051a53c                lower_transport_layer_del_cb_from_array
 .text.lower_transport_layer_cache_valid
                0x0051a578       0x90 C:/Users/Felix_Tang/ModusToolbox_1.1/libraries/bt_sdk-1.1/components/BT-SDK/208XX-A1_Bluetooth/WICED/libraries/mesh_core_lib.a(lower_transport_layer.o)
                0x0051a578                lower_transport_layer_cache_valid
 .text.lower_transport_layer_cache_seq_auth
                0x0051a608       0x60 C:/Users/Felix_Tang/ModusToolbox_1.1/libraries/bt_sdk-1.1/components/BT-SDK/208XX-A1_Bluetooth/WICED/libraries/mesh_core_lib.a(lower_transport_layer.o)
                0x0051a608                lower_transport_layer_cache_seq_auth
 .text.lower_transport_layer_send_segments
                0x0051a668       0xd0 C:/Users/Felix_Tang/ModusToolbox_1.1/libraries/bt_sdk-1.1/components/BT-SDK/208XX-A1_Bluetooth/WICED/libraries/mesh_core_lib.a(lower_transport_layer.o)
                0x0051a668                lower_transport_layer_send_segments
 .text.lower_transport_layer_calc_seq_auth
                0x0051a738       0x16 C:/Users/Felix_Tang/ModusToolbox_1.1/libraries/bt_sdk-1.1/components/BT-SDK/208XX-A1_Bluetooth/WICED/libraries/mesh_core_lib.a(lower_transport_layer.o)
                0x0051a738                lower_transport_layer_calc_seq_auth
 .text.lower_transport_layer_get_seq_zero_from_pdu
                0x0051a74e       0x10 C:/Users/Felix_Tang/ModusToolbox_1.1/libraries/bt_sdk-1.1/components/BT-SDK/208XX-A1_Bluetooth/WICED/libraries/mesh_core_lib.a(lower_transport_layer.o)
                0x0051a74e                lower_transport_layer_get_seq_zero_from_pdu
 *fill*         0x0051a75e        0x2 
 .text.lower_transport_layer_handle_kr_finish
                0x0051a760       0x2c C:/Users/Felix_Tang/ModusToolbox_1.1/libraries/bt_sdk-1.1/components/BT-SDK/208XX-A1_Bluetooth/WICED/libraries/mesh_core_lib.a(lower_transport_layer.o)
                0x0051a760                lower_transport_layer_handle_kr_finish
 .text.lower_transport_layer_send_ack
                0x0051a78c       0xa4 C:/Users/Felix_Tang/ModusToolbox_1.1/libraries/bt_sdk-1.1/components/BT-SDK/208XX-A1_Bluetooth/WICED/libraries/mesh_core_lib.a(lower_transport_layer.o)
                0x0051a78c                lower_transport_layer_send_ack
 .text.lower_transport_layer_timer_get_action
                0x0051a830       0x9c C:/Users/Felix_Tang/ModusToolbox_1.1/libraries/bt_sdk-1.1/components/BT-SDK/208XX-A1_Bluetooth/WICED/libraries/mesh_core_lib.a(lower_transport_layer.o)
                0x0051a830                lower_transport_layer_timer_get_action
 .text.lower_transport_layer_timer_get_to
                0x0051a8cc       0x6c C:/Users/Felix_Tang/ModusToolbox_1.1/libraries/bt_sdk-1.1/components/BT-SDK/208XX-A1_Bluetooth/WICED/libraries/mesh_core_lib.a(lower_transport_layer.o)
                0x0051a8cc                lower_transport_layer_timer_get_to
 .text.lower_transport_layer_timer_restart
                0x0051a938       0x38 C:/Users/Felix_Tang/ModusToolbox_1.1/libraries/bt_sdk-1.1/components/BT-SDK/208XX-A1_Bluetooth/WICED/libraries/mesh_core_lib.a(lower_transport_layer.o)
                0x0051a938                lower_transport_layer_timer_restart
 .text.lower_transport_layer_send_seg_msg
                0x0051a970      0x190 C:/Users/Felix_Tang/ModusToolbox_1.1/libraries/bt_sdk-1.1/components/BT-SDK/208XX-A1_Bluetooth/WICED/libraries/mesh_core_lib.a(lower_transport_layer.o)
                0x0051a970                lower_transport_layer_send_seg_msg
 .text.lower_transport_layer_handle_control_message
                0x0051ab00       0xb8 C:/Users/Felix_Tang/ModusToolbox_1.1/libraries/bt_sdk-1.1/components/BT-SDK/208XX-A1_Bluetooth/WICED/libraries/mesh_core_lib.a(lower_transport_layer.o)
                0x0051ab00                lower_transport_layer_handle_control_message
 .text.lower_transport_layer_is_sending_segments
                0x0051abb8       0x28 C:/Users/Felix_Tang/ModusToolbox_1.1/libraries/bt_sdk-1.1/components/BT-SDK/208XX-A1_Bluetooth/WICED/libraries/mesh_core_lib.a(lower_transport_layer.o)
                0x0051abb8                lower_transport_layer_is_sending_segments
 .text.lower_transport_layer_del_cb
                0x0051abe0       0x74 C:/Users/Felix_Tang/ModusToolbox_1.1/libraries/bt_sdk-1.1/components/BT-SDK/208XX-A1_Bluetooth/WICED/libraries/mesh_core_lib.a(lower_transport_layer.o)
                0x0051abe0                lower_transport_layer_del_cb
 .text.lower_transport_layer_on_seg_ack
                0x0051ac54       0xd0 C:/Users/Felix_Tang/ModusToolbox_1.1/libraries/bt_sdk-1.1/components/BT-SDK/208XX-A1_Bluetooth/WICED/libraries/mesh_core_lib.a(lower_transport_layer.o)
                0x0051ac54                lower_transport_layer_on_seg_ack
 .text.lower_transport_layer_on_seg
                0x0051ad24      0x394 C:/Users/Felix_Tang/ModusToolbox_1.1/libraries/bt_sdk-1.1/components/BT-SDK/208XX-A1_Bluetooth/WICED/libraries/mesh_core_lib.a(lower_transport_layer.o)
                0x0051ad24                lower_transport_layer_on_seg
 .text.lower_transport_layer_handle
                0x0051b0b8      0x340 C:/Users/Felix_Tang/ModusToolbox_1.1/libraries/bt_sdk-1.1/components/BT-SDK/208XX-A1_Bluetooth/WICED/libraries/mesh_core_lib.a(lower_transport_layer.o)
                0x0051b0b8                lower_transport_layer_handle
 .text.lower_transport_layer_timer_handle
                0x0051b3f8       0x98 C:/Users/Felix_Tang/ModusToolbox_1.1/libraries/bt_sdk-1.1/components/BT-SDK/208XX-A1_Bluetooth/WICED/libraries/mesh_core_lib.a(lower_transport_layer.o)
                0x0051b3f8                lower_transport_layer_timer_handle
 .text.lower_transport_layer_timer_callback
                0x0051b490       0x18 C:/Users/Felix_Tang/ModusToolbox_1.1/libraries/bt_sdk-1.1/components/BT-SDK/208XX-A1_Bluetooth/WICED/libraries/mesh_core_lib.a(lower_transport_layer.o)
                0x0051b490                lower_transport_layer_timer_callback
 .text.wiced_bt_mesh_core_del_seq
                0x0051b4a8       0xac C:/Users/Felix_Tang/ModusToolbox_1.1/libraries/bt_sdk-1.1/components/BT-SDK/208XX-A1_Bluetooth/WICED/libraries/mesh_core_lib.a(lower_transport_layer.o)
                0x0051b4a8                wiced_bt_mesh_core_del_seq
 .text.lower_transpor_layer_is_idle
                0x0051b554       0x30 C:/Users/Felix_Tang/ModusToolbox_1.1/libraries/bt_sdk-1.1/components/BT-SDK/208XX-A1_Bluetooth/WICED/libraries/mesh_core_lib.a(lower_transport_layer.o)
                0x0051b554                lower_transpor_layer_is_idle
 .text.lower_transport_layer_cancel_send
                0x0051b584       0x3c C:/Users/Felix_Tang/ModusToolbox_1.1/libraries/bt_sdk-1.1/components/BT-SDK/208XX-A1_Bluetooth/WICED/libraries/mesh_core_lib.a(lower_transport_layer.o)
                0x0051b584                lower_transport_layer_cancel_send
 .text.lower_transport_layer_reset
                0x0051b5c0       0x5c C:/Users/Felix_Tang/ModusToolbox_1.1/libraries/bt_sdk-1.1/components/BT-SDK/208XX-A1_Bluetooth/WICED/libraries/mesh_core_lib.a(lower_transport_layer.o)
                0x0051b5c0                lower_transport_layer_reset
 .text.upper_transport_layer_send
                0x0051b61c      0x1c8 C:/Users/Felix_Tang/ModusToolbox_1.1/libraries/bt_sdk-1.1/components/BT-SDK/208XX-A1_Bluetooth/WICED/libraries/mesh_core_lib.a(upper_transport_layer.o)
                0x0051b61c                upper_transport_layer_send
 .text.upper_transport_layer_send_ctrl
                0x0051b7e4       0xc8 C:/Users/Felix_Tang/ModusToolbox_1.1/libraries/bt_sdk-1.1/components/BT-SDK/208XX-A1_Bluetooth/WICED/libraries/mesh_core_lib.a(upper_transport_layer.o)
                0x0051b7e4                upper_transport_layer_send_ctrl
 .text.upper_transport_layer_handle_heartbeat
                0x0051b8ac      0x168 C:/Users/Felix_Tang/ModusToolbox_1.1/libraries/bt_sdk-1.1/components/BT-SDK/208XX-A1_Bluetooth/WICED/libraries/mesh_core_lib.a(upper_transport_layer.o)
                0x0051b8ac                upper_transport_layer_handle_heartbeat
 .text.key_refresh_start_phase_2_
                0x0051ba14       0x70 C:/Users/Felix_Tang/ModusToolbox_1.1/libraries/bt_sdk-1.1/components/BT-SDK/208XX-A1_Bluetooth/WICED/libraries/mesh_core_lib.a(key_refresh.o)
                0x0051ba14                key_refresh_start_phase_2_
 .text.key_refresh_finish_
                0x0051ba84      0x1d0 C:/Users/Felix_Tang/ModusToolbox_1.1/libraries/bt_sdk-1.1/components/BT-SDK/208XX-A1_Bluetooth/WICED/libraries/mesh_core_lib.a(key_refresh.o)
                0x0051ba84                key_refresh_finish_
 .text.key_refresh_handle_beacon
                0x0051bc54       0x74 C:/Users/Felix_Tang/ModusToolbox_1.1/libraries/bt_sdk-1.1/components/BT-SDK/208XX-A1_Bluetooth/WICED/libraries/mesh_core_lib.a(key_refresh.o)
                0x0051bc54                key_refresh_handle_beacon
 .text.key_refresh_send_phase_status
                0x0051bcc8       0x4c C:/Users/Felix_Tang/ModusToolbox_1.1/libraries/bt_sdk-1.1/components/BT-SDK/208XX-A1_Bluetooth/WICED/libraries/mesh_core_lib.a(key_refresh.o)
                0x0051bcc8                key_refresh_send_phase_status
 .text.key_refresh_handle_phase_get_
                0x0051bd14       0x58 C:/Users/Felix_Tang/ModusToolbox_1.1/libraries/bt_sdk-1.1/components/BT-SDK/208XX-A1_Bluetooth/WICED/libraries/mesh_core_lib.a(key_refresh.o)
                0x0051bd14                key_refresh_handle_phase_get_
 .text.key_refresh_handle_phase_set_
                0x0051bd6c       0xb0 C:/Users/Felix_Tang/ModusToolbox_1.1/libraries/bt_sdk-1.1/components/BT-SDK/208XX-A1_Bluetooth/WICED/libraries/mesh_core_lib.a(key_refresh.o)
                0x0051bd6c                key_refresh_handle_phase_set_
 .text.key_refresh_handle
                0x0051be1c       0x50 C:/Users/Felix_Tang/ModusToolbox_1.1/libraries/bt_sdk-1.1/components/BT-SDK/208XX-A1_Bluetooth/WICED/libraries/mesh_core_lib.a(key_refresh.o)
                0x0051be1c                key_refresh_handle
 .text.key_refresh_is_phase2
                0x0051be6c       0x2c C:/Users/Felix_Tang/ModusToolbox_1.1/libraries/bt_sdk-1.1/components/BT-SDK/208XX-A1_Bluetooth/WICED/libraries/mesh_core_lib.a(key_refresh.o)
                0x0051be6c                key_refresh_is_phase2
 .text.key_refresh_set_phase2
                0x0051be98       0xb4 C:/Users/Felix_Tang/ModusToolbox_1.1/libraries/bt_sdk-1.1/components/BT-SDK/208XX-A1_Bluetooth/WICED/libraries/mesh_core_lib.a(key_refresh.o)
                0x0051be98                key_refresh_set_phase2
 .text.kr_reset
                0x0051bf4c        0x2 C:/Users/Felix_Tang/ModusToolbox_1.1/libraries/bt_sdk-1.1/components/BT-SDK/208XX-A1_Bluetooth/WICED/libraries/mesh_core_lib.a(key_refresh.o)
                0x0051bf4c                kr_reset
 *fill*         0x0051bf4e        0x2 
 .text.network_layer_add_filter_r
                0x0051bf50       0x3c C:/Users/Felix_Tang/ModusToolbox_1.1/libraries/bt_sdk-1.1/components/BT-SDK/208XX-A1_Bluetooth/WICED/libraries/mesh_core_lib.a(network_layer.o)
                0x0051bf50                network_layer_add_filter_r
 .text.network_layer_del_filter_r
                0x0051bf8c       0x44 C:/Users/Felix_Tang/ModusToolbox_1.1/libraries/bt_sdk-1.1/components/BT-SDK/208XX-A1_Bluetooth/WICED/libraries/mesh_core_lib.a(network_layer.o)
                0x0051bf8c                network_layer_del_filter_r
 .text.network_layer_has_nid_r
                0x0051bfd0       0x58 C:/Users/Felix_Tang/ModusToolbox_1.1/libraries/bt_sdk-1.1/components/BT-SDK/208XX-A1_Bluetooth/WICED/libraries/mesh_core_lib.a(network_layer.o)
                0x0051bfd0                network_layer_has_nid_r
 .text.network_layer_cache_valid_r
                0x0051c028       0x64 C:/Users/Felix_Tang/ModusToolbox_1.1/libraries/bt_sdk-1.1/components/BT-SDK/208XX-A1_Bluetooth/WICED/libraries/mesh_core_lib.a(network_layer.o)
                0x0051c028                network_layer_cache_valid_r
 .text.network_layer_handle_parse__r
                0x0051c08c      0x1e0 C:/Users/Felix_Tang/ModusToolbox_1.1/libraries/bt_sdk-1.1/components/BT-SDK/208XX-A1_Bluetooth/WICED/libraries/mesh_core_lib.a(network_layer.o)
                0x0051c08c                network_layer_handle_parse(long double)
 .text.network_layer_send_prepare__r
                0x0051c26c       0xd0 C:/Users/Felix_Tang/ModusToolbox_1.1/libraries/bt_sdk-1.1/components/BT-SDK/208XX-A1_Bluetooth/WICED/libraries/mesh_core_lib.a(network_layer.o)
                0x0051c26c                network_layer_send_prepare(long double)
 .text.network_layer_cache_init_r
                0x0051c33c       0x4c C:/Users/Felix_Tang/ModusToolbox_1.1/libraries/bt_sdk-1.1/components/BT-SDK/208XX-A1_Bluetooth/WICED/libraries/mesh_core_lib.a(network_layer.o)
                0x0051c33c                network_layer_cache_init_r
 .text.find_netkey__r
                0x0051c388       0x84 C:/Users/Felix_Tang/ModusToolbox_1.1/libraries/bt_sdk-1.1/components/BT-SDK/208XX-A1_Bluetooth/WICED/libraries/mesh_core_lib.a(network_layer.o)
                0x0051c388                find_netkey(long double)
 .text.network_layer_send_r
                0x0051c40c      0x378 C:/Users/Felix_Tang/ModusToolbox_1.1/libraries/bt_sdk-1.1/components/BT-SDK/208XX-A1_Bluetooth/WICED/libraries/mesh_core_lib.a(network_layer.o)
                0x0051c40c                network_layer_send_r
 .text.network_layer_send_filter_status__r
                0x0051c784       0x74 C:/Users/Felix_Tang/ModusToolbox_1.1/libraries/bt_sdk-1.1/components/BT-SDK/208XX-A1_Bluetooth/WICED/libraries/mesh_core_lib.a(network_layer.o)
                0x0051c784                network_layer_send_filter_status(long double)
 .text.network_layer_handle_proxy_config_msg__r
                0x0051c7f8      0x144 C:/Users/Felix_Tang/ModusToolbox_1.1/libraries/bt_sdk-1.1/components/BT-SDK/208XX-A1_Bluetooth/WICED/libraries/mesh_core_lib.a(network_layer.o)
                0x0051c7f8                network_layer_handle_proxy_config_msg(long double)
 .text.network_layer_send_segments_r
                0x0051c93c       0xf0 C:/Users/Felix_Tang/ModusToolbox_1.1/libraries/bt_sdk-1.1/components/BT-SDK/208XX-A1_Bluetooth/WICED/libraries/mesh_core_lib.a(network_layer.o)
                0x0051c93c                network_layer_send_segments_r
 .text.network_layer_handle_r
                0x0051ca2c      0x374 C:/Users/Felix_Tang/ModusToolbox_1.1/libraries/bt_sdk-1.1/components/BT-SDK/208XX-A1_Bluetooth/WICED/libraries/mesh_core_lib.a(network_layer.o)
                0x0051ca2c                network_layer_handle_r
 .text.access_layer_send.part.0
                0x0051cda0      0x1f0 C:/Users/Felix_Tang/ModusToolbox_1.1/libraries/bt_sdk-1.1/components/BT-SDK/208XX-A1_Bluetooth/WICED/libraries/mesh_core_lib.a(access_layer.o)
 .text.access_layer_send
                0x0051cf90       0x2c C:/Users/Felix_Tang/ModusToolbox_1.1/libraries/bt_sdk-1.1/components/BT-SDK/208XX-A1_Bluetooth/WICED/libraries/mesh_core_lib.a(access_layer.o)
                0x0051cf90                access_layer_send
 .text.access_layer_parse_payload
                0x0051cfbc       0x58 C:/Users/Felix_Tang/ModusToolbox_1.1/libraries/bt_sdk-1.1/components/BT-SDK/208XX-A1_Bluetooth/WICED/libraries/mesh_core_lib.a(access_layer.o)
                0x0051cfbc                access_layer_parse_payload
 .text.access_layer_handle
                0x0051d014      0x26c C:/Users/Felix_Tang/ModusToolbox_1.1/libraries/bt_sdk-1.1/components/BT-SDK/208XX-A1_Bluetooth/WICED/libraries/mesh_core_lib.a(access_layer.o)
                0x0051d014                access_layer_handle
 .text.access_layer_retrans_find
                0x0051d280       0x18 C:/Users/Felix_Tang/ModusToolbox_1.1/libraries/bt_sdk-1.1/components/BT-SDK/208XX-A1_Bluetooth/WICED/libraries/mesh_core_lib.a(access_layer.o)
                0x0051d280                access_layer_retrans_find
 .text.access_layer_send_complete_callback
                0x0051d298       0x28 C:/Users/Felix_Tang/ModusToolbox_1.1/libraries/bt_sdk-1.1/components/BT-SDK/208XX-A1_Bluetooth/WICED/libraries/mesh_core_lib.a(access_layer.o)
                0x0051d298                access_layer_send_complete_callback
 .text.access_layer_retrans_free
                0x0051d2c0       0x58 C:/Users/Felix_Tang/ModusToolbox_1.1/libraries/bt_sdk-1.1/components/BT-SDK/208XX-A1_Bluetooth/WICED/libraries/mesh_core_lib.a(access_layer.o)
                0x0051d2c0                access_layer_retrans_free
 .text.access_layer_retrans_timer_callback
                0x0051d318       0xd4 C:/Users/Felix_Tang/ModusToolbox_1.1/libraries/bt_sdk-1.1/components/BT-SDK/208XX-A1_Bluetooth/WICED/libraries/mesh_core_lib.a(access_layer.o)
                0x0051d318                access_layer_retrans_timer_callback
 .text.access_layer_retrans_alloc
                0x0051d3ec       0x6c C:/Users/Felix_Tang/ModusToolbox_1.1/libraries/bt_sdk-1.1/components/BT-SDK/208XX-A1_Bluetooth/WICED/libraries/mesh_core_lib.a(access_layer.o)
                0x0051d3ec                access_layer_retrans_alloc
 .text.wiced_bt_mesh_core_send
                0x0051d458      0x258 C:/Users/Felix_Tang/ModusToolbox_1.1/libraries/bt_sdk-1.1/components/BT-SDK/208XX-A1_Bluetooth/WICED/libraries/mesh_core_lib.a(access_layer.o)
                0x0051d458                wiced_bt_mesh_core_send
 .text.wiced_bt_mesh_core_cancel_send
                0x0051d6b0       0x40 C:/Users/Felix_Tang/ModusToolbox_1.1/libraries/bt_sdk-1.1/components/BT-SDK/208XX-A1_Bluetooth/WICED/libraries/mesh_core_lib.a(access_layer.o)
                0x0051d6b0                wiced_bt_mesh_core_cancel_send
 .text.access_layer_is_idle
                0x0051d6f0       0x10 C:/Users/Felix_Tang/ModusToolbox_1.1/libraries/bt_sdk-1.1/components/BT-SDK/208XX-A1_Bluetooth/WICED/libraries/mesh_core_lib.a(access_layer.o)
                0x0051d6f0                access_layer_is_idle
 .text.iv_updt_timer_start
                0x0051d700       0x94 C:/Users/Felix_Tang/ModusToolbox_1.1/libraries/bt_sdk-1.1/components/BT-SDK/208XX-A1_Bluetooth/WICED/libraries/mesh_core_lib.a(iv_updt.o)
                0x0051d700                iv_updt_timer_start
 .text.iv_updt_update_state
                0x0051d794       0x90 C:/Users/Felix_Tang/ModusToolbox_1.1/libraries/bt_sdk-1.1/components/BT-SDK/208XX-A1_Bluetooth/WICED/libraries/mesh_core_lib.a(iv_updt.o)
                0x0051d794                iv_updt_update_state
 .text.iv_updt_timer_callback
                0x0051d824       0xec C:/Users/Felix_Tang/ModusToolbox_1.1/libraries/bt_sdk-1.1/components/BT-SDK/208XX-A1_Bluetooth/WICED/libraries/mesh_core_lib.a(iv_updt.o)
                0x0051d824                iv_updt_timer_callback
 .text.iv_updt_segments_sent
                0x0051d910       0x4c C:/Users/Felix_Tang/ModusToolbox_1.1/libraries/bt_sdk-1.1/components/BT-SDK/208XX-A1_Bluetooth/WICED/libraries/mesh_core_lib.a(iv_updt.o)
                0x0051d910                iv_updt_segments_sent
 .text.iv_updt_check
                0x0051d95c       0x80 C:/Users/Felix_Tang/ModusToolbox_1.1/libraries/bt_sdk-1.1/components/BT-SDK/208XX-A1_Bluetooth/WICED/libraries/mesh_core_lib.a(iv_updt.o)
                0x0051d95c                iv_updt_check
 .text.ivi_recovery_start
                0x0051d9dc       0x44 C:/Users/Felix_Tang/ModusToolbox_1.1/libraries/bt_sdk-1.1/components/BT-SDK/208XX-A1_Bluetooth/WICED/libraries/mesh_core_lib.a(iv_updt.o)
                0x0051d9dc                ivi_recovery_start
 .text.iv_updt_handle
                0x0051da20       0xec C:/Users/Felix_Tang/ModusToolbox_1.1/libraries/bt_sdk-1.1/components/BT-SDK/208XX-A1_Bluetooth/WICED/libraries/mesh_core_lib.a(iv_updt.o)
                0x0051da20                iv_updt_handle
 .text.ivi_recovery_handle
                0x0051db0c       0x94 C:/Users/Felix_Tang/ModusToolbox_1.1/libraries/bt_sdk-1.1/components/BT-SDK/208XX-A1_Bluetooth/WICED/libraries/mesh_core_lib.a(iv_updt.o)
                0x0051db0c                ivi_recovery_handle
 .text.iv_updt_set_active_state
                0x0051dba0       0x14 C:/Users/Felix_Tang/ModusToolbox_1.1/libraries/bt_sdk-1.1/components/BT-SDK/208XX-A1_Bluetooth/WICED/libraries/mesh_core_lib.a(iv_updt.o)
                0x0051dba0                iv_updt_set_active_state
 .text.iv_updt_init
                0x0051dbb4       0x44 C:/Users/Felix_Tang/ModusToolbox_1.1/libraries/bt_sdk-1.1/components/BT-SDK/208XX-A1_Bluetooth/WICED/libraries/mesh_core_lib.a(iv_updt.o)
                0x0051dbb4                iv_updt_init
 .text.iv_updt_reset
                0x0051dbf8       0x3c C:/Users/Felix_Tang/ModusToolbox_1.1/libraries/bt_sdk-1.1/components/BT-SDK/208XX-A1_Bluetooth/WICED/libraries/mesh_core_lib.a(iv_updt.o)
                0x0051dbf8                iv_updt_reset
 .text.iv_updt_update_sleep
                0x0051dc34       0x3c C:/Users/Felix_Tang/ModusToolbox_1.1/libraries/bt_sdk-1.1/components/BT-SDK/208XX-A1_Bluetooth/WICED/libraries/mesh_core_lib.a(iv_updt.o)
                0x0051dc34                iv_updt_update_sleep
 .text.foundation_get_subs_num_cb_
                0x0051dc70       0x4e C:/Users/Felix_Tang/ModusToolbox_1.1/libraries/bt_sdk-1.1/components/BT-SDK/208XX-A1_Bluetooth/WICED/libraries/mesh_core_lib.a(foundation.o)
                0x0051dc70                foundation_get_subs_num_cb_
 *fill*         0x0051dcbe        0x2 
 .text.foundation_reset_scan_cb
                0x0051dcc0       0x1c C:/Users/Felix_Tang/ModusToolbox_1.1/libraries/bt_sdk-1.1/components/BT-SDK/208XX-A1_Bluetooth/WICED/libraries/mesh_core_lib.a(foundation.o)
                0x0051dcc0                foundation_reset_scan_cb
 .text.foundation_handle_cb_
                0x0051dcdc      0x1a0 C:/Users/Felix_Tang/ModusToolbox_1.1/libraries/bt_sdk-1.1/components/BT-SDK/208XX-A1_Bluetooth/WICED/libraries/mesh_core_lib.a(foundation.o)
                0x0051dcdc                foundation_handle_cb_
 .text.wiced_bt_mesh_get_node_config_size
                0x0051de7c       0x32 C:/Users/Felix_Tang/ModusToolbox_1.1/libraries/bt_sdk-1.1/components/BT-SDK/208XX-A1_Bluetooth/WICED/libraries/mesh_core_lib.a(foundation.o)
                0x0051de7c                wiced_bt_mesh_get_node_config_size
 *fill*         0x0051deae        0x2 
 .text.foundation_init_int_
                0x0051deb0      0x168 C:/Users/Felix_Tang/ModusToolbox_1.1/libraries/bt_sdk-1.1/components/BT-SDK/208XX-A1_Bluetooth/WICED/libraries/mesh_core_lib.a(foundation.o)
                0x0051deb0                foundation_init_int_
 .text.foundation_read_config_
                0x0051e018       0x54 C:/Users/Felix_Tang/ModusToolbox_1.1/libraries/bt_sdk-1.1/components/BT-SDK/208XX-A1_Bluetooth/WICED/libraries/mesh_core_lib.a(foundation.o)
                0x0051e018                foundation_read_config_
 .text.foundation_scan_models
                0x0051e06c       0x74 C:/Users/Felix_Tang/ModusToolbox_1.1/libraries/bt_sdk-1.1/components/BT-SDK/208XX-A1_Bluetooth/WICED/libraries/mesh_core_lib.a(foundation.o)
                0x0051e06c                foundation_scan_models
 .text.foundation_find_appkey_
                0x0051e0e0       0xc8 C:/Users/Felix_Tang/ModusToolbox_1.1/libraries/bt_sdk-1.1/components/BT-SDK/208XX-A1_Bluetooth/WICED/libraries/mesh_core_lib.a(foundation.o)
                0x0051e0e0                foundation_find_appkey_
 .text.foundation_opcode_to_model_
                0x0051e1a8      0x1b8 C:/Users/Felix_Tang/ModusToolbox_1.1/libraries/bt_sdk-1.1/components/BT-SDK/208XX-A1_Bluetooth/WICED/libraries/mesh_core_lib.a(foundation.o)
                0x0051e1a8                foundation_opcode_to_model_
 .text.foundation_handle
                0x0051e360      0x1b4 C:/Users/Felix_Tang/ModusToolbox_1.1/libraries/bt_sdk-1.1/components/BT-SDK/208XX-A1_Bluetooth/WICED/libraries/mesh_core_lib.a(foundation.o)
                0x0051e360                foundation_handle
 .text.foundation_get_init_models_
                0x0051e514       0xc4 C:/Users/Felix_Tang/ModusToolbox_1.1/libraries/bt_sdk-1.1/components/BT-SDK/208XX-A1_Bluetooth/WICED/libraries/mesh_core_lib.a(foundation.o)
                0x0051e514                foundation_get_init_models_
 .text.foundation_get_subs_num
                0x0051e5d8       0x5c C:/Users/Felix_Tang/ModusToolbox_1.1/libraries/bt_sdk-1.1/components/BT-SDK/208XX-A1_Bluetooth/WICED/libraries/mesh_core_lib.a(foundation.o)
                0x0051e5d8                foundation_get_subs_num
 .text.foundation_add_virt_addr
                0x0051e634       0x60 C:/Users/Felix_Tang/ModusToolbox_1.1/libraries/bt_sdk-1.1/components/BT-SDK/208XX-A1_Bluetooth/WICED/libraries/mesh_core_lib.a(foundation.o)
                0x0051e634                foundation_add_virt_addr
 .text.foundation_find_virt_addr_uuid
                0x0051e694       0x48 C:/Users/Felix_Tang/ModusToolbox_1.1/libraries/bt_sdk-1.1/components/BT-SDK/208XX-A1_Bluetooth/WICED/libraries/mesh_core_lib.a(foundation.o)
                0x0051e694                foundation_find_virt_addr_uuid
 .text.foundation_add_virt_addr_uuid
                0x0051e6dc       0x58 C:/Users/Felix_Tang/ModusToolbox_1.1/libraries/bt_sdk-1.1/components/BT-SDK/208XX-A1_Bluetooth/WICED/libraries/mesh_core_lib.a(foundation.o)
                0x0051e6dc                foundation_add_virt_addr_uuid
 .text.foundation_period_to_ms
                0x0051e734       0x38 C:/Users/Felix_Tang/ModusToolbox_1.1/libraries/bt_sdk-1.1/components/BT-SDK/208XX-A1_Bluetooth/WICED/libraries/mesh_core_lib.a(foundation.o)
                0x0051e734                foundation_period_to_ms
 .text.foundation_pub_period_cb
                0x0051e76c       0x4c C:/Users/Felix_Tang/ModusToolbox_1.1/libraries/bt_sdk-1.1/components/BT-SDK/208XX-A1_Bluetooth/WICED/libraries/mesh_core_lib.a(foundation.o)
                0x0051e76c                foundation_pub_period_cb
 .text.foundation_pub_timer_callback
                0x0051e7b8      0x144 C:/Users/Felix_Tang/ModusToolbox_1.1/libraries/bt_sdk-1.1/components/BT-SDK/208XX-A1_Bluetooth/WICED/libraries/mesh_core_lib.a(foundation.o)
                0x0051e7b8                foundation_pub_timer_callback
 .text.foundation_pub_init_update_cb
                0x0051e8fc       0x74 C:/Users/Felix_Tang/ModusToolbox_1.1/libraries/bt_sdk-1.1/components/BT-SDK/208XX-A1_Bluetooth/WICED/libraries/mesh_core_lib.a(foundation.o)
                0x0051e8fc                foundation_pub_init_update_cb
 .text.foundation_pub_init
                0x0051e970       0x88 C:/Users/Felix_Tang/ModusToolbox_1.1/libraries/bt_sdk-1.1/components/BT-SDK/208XX-A1_Bluetooth/WICED/libraries/mesh_core_lib.a(foundation.o)
                0x0051e970                foundation_pub_init
 .text.foundation_init
                0x0051e9f8      0x154 C:/Users/Felix_Tang/ModusToolbox_1.1/libraries/bt_sdk-1.1/components/BT-SDK/208XX-A1_Bluetooth/WICED/libraries/mesh_core_lib.a(foundation.o)
                0x0051e9f8                foundation_init
 .text.foundation_reset
                0x0051eb4c       0x70 C:/Users/Felix_Tang/ModusToolbox_1.1/libraries/bt_sdk-1.1/components/BT-SDK/208XX-A1_Bluetooth/WICED/libraries/mesh_core_lib.a(foundation.o)
                0x0051eb4c                foundation_reset
 .text.foundation_find_subs
                0x0051ebbc       0x7c C:/Users/Felix_Tang/ModusToolbox_1.1/libraries/bt_sdk-1.1/components/BT-SDK/208XX-A1_Bluetooth/WICED/libraries/mesh_core_lib.a(foundation.o)
                0x0051ebbc                foundation_find_subs
 .text.foundation_get_earliest_timer_end
                0x0051ec38       0x44 C:/Users/Felix_Tang/ModusToolbox_1.1/libraries/bt_sdk-1.1/components/BT-SDK/208XX-A1_Bluetooth/WICED/libraries/mesh_core_lib.a(foundation.o)
                0x0051ec38                foundation_get_earliest_timer_end
 .text.foundation_subs_add_cb
                0x0051ec7c       0x10 C:/Users/Felix_Tang/ModusToolbox_1.1/libraries/bt_sdk-1.1/components/BT-SDK/208XX-A1_Bluetooth/WICED/libraries/mesh_core_lib.a(foundation_cfg_model.o)
                0x0051ec7c                foundation_subs_add_cb
 .text.foundation_subs_overwr_cb
                0x0051ec8c        0xa C:/Users/Felix_Tang/ModusToolbox_1.1/libraries/bt_sdk-1.1/components/BT-SDK/208XX-A1_Bluetooth/WICED/libraries/mesh_core_lib.a(foundation_cfg_model.o)
                0x0051ec8c                foundation_subs_overwr_cb
 *fill*         0x0051ec96        0x2 
 .text.foundation_subs_del_cb
                0x0051ec98       0x24 C:/Users/Felix_Tang/ModusToolbox_1.1/libraries/bt_sdk-1.1/components/BT-SDK/208XX-A1_Bluetooth/WICED/libraries/mesh_core_lib.a(foundation_cfg_model.o)
                0x0051ec98                foundation_subs_del_cb
 .text.foundation_scan_non_models
                0x0051ecbc       0x6c C:/Users/Felix_Tang/ModusToolbox_1.1/libraries/bt_sdk-1.1/components/BT-SDK/208XX-A1_Bluetooth/WICED/libraries/mesh_core_lib.a(foundation_cfg_model.o)
                0x0051ecbc                foundation_scan_non_models
 .text.foundation_find_model_
                0x0051ed28       0x80 C:/Users/Felix_Tang/ModusToolbox_1.1/libraries/bt_sdk-1.1/components/BT-SDK/208XX-A1_Bluetooth/WICED/libraries/mesh_core_lib.a(foundation_cfg_model.o)